[    1323ms] [INFO] %cDownload the React DevTools for a better development experience: https://react.dev/link/react-devtools font-weight:bold @ webpack-internal:///(app-pages-browser)/./node_modules/.pnpm/next@16.2.1_@babel+core@7.2_362c6897e98f78157a7f59905ed20b55/node_modules/next/dist/next-devtools/shared/forward-logs-shared.js:27
[    1457ms] [LOG] [HMR] connected @ webpack-internal:///(app-pages-browser)/./node_modules/.pnpm/next@16.2.1_@babel+core@7.2_362c6897e98f78157a7f59905ed20b55/node_modules/next/dist/next-devtools/shared/forward-logs-shared.js:27
[    1556ms] [ERROR] Failed to load resource: the server responded with a status of 404 (Not Found) @ http://localhost:3000/favicon.ico:0
[   50904ms] [WARNING] An iframe which has both allow-scripts and allow-same-origin for its sandbox attribute can escape its sandboxing. @ http://localhost:3000/api/proxy?url=https%3A%2F%2Fportal.allenisd.org:0
[   51381ms] [WARNING] An iframe which has both allow-scripts and allow-same-origin for its sandbox attribute can escape its sandboxing. @ http://localhost:3000/api/proxy?url=https%3A%2F%2Fportal.allenisd.org%2Flogin:0
[   52220ms] [ERROR] Failed to load resource: the server responded with a status of 404 (Not Found) @ http://localhost:3000/api/proxy?url=https%3A%2F%2Faisd-tx.us001-rapididentity.com%2Fapi%2Frest%2Fauthn%2Fkrb:0
[   68644ms] [VERBOSE] [DOM] Input elements should have autocomplete attributes (suggested: "new-password"): (More info: https://goo.gl/9p2vKq) %o @ http://localhost:3000/api/proxy?url=https%3A%2F%2Fportal.allenisd.org%2Flogin#/authn:0
[  221090ms] [LOG] [Fast Refresh] rebuilding @ webpack-internal:///(app-pages-browser)/./node_modules/.pnpm/next@16.2.1_@babel+core@7.2_362c6897e98f78157a7f59905ed20b55/node_modules/next/dist/next-devtools/shared/forward-logs-shared.js:27
[  221501ms] [LOG] [Fast Refresh] done in 413ms @ webpack-internal:///(app-pages-browser)/./node_modules/.pnpm/next@16.2.1_@babel+core@7.2_362c6897e98f78157a7f59905ed20b55/node_modules/next/dist/next-devtools/shared/forward-logs-shared.js:27
[  221548ms] [LOG] [Fast Refresh] rebuilding @ webpack-internal:///(app-pages-browser)/./node_modules/.pnpm/next@16.2.1_@babel+core@7.2_362c6897e98f78157a7f59905ed20b55/node_modules/next/dist/next-devtools/shared/forward-logs-shared.js:27
[  221958ms] [LOG] [Fast Refresh] done in 409ms @ webpack-internal:///(app-pages-browser)/./node_modules/.pnpm/next@16.2.1_@babel+core@7.2_362c6897e98f78157a7f59905ed20b55/node_modules/next/dist/next-devtools/shared/forward-logs-shared.js:27
[  233936ms] [LOG] [Fast Refresh] rebuilding @ webpack-internal:///(app-pages-browser)/./node_modules/.pnpm/next@16.2.1_@babel+core@7.2_362c6897e98f78157a7f59905ed20b55/node_modules/next/dist/next-devtools/shared/forward-logs-shared.js:27
[  234039ms] [LOG] [Fast Refresh] done in 102ms @ webpack-internal:///(app-pages-browser)/./node_modules/.pnpm/next@16.2.1_@babel+core@7.2_362c6897e98f78157a7f59905ed20b55/node_modules/next/dist/next-devtools/shared/forward-logs-shared.js:27
[  234082ms] [LOG] [Fast Refresh] rebuilding @ webpack-internal:///(app-pages-browser)/./node_modules/.pnpm/next@16.2.1_@babel+core@7.2_362c6897e98f78157a7f59905ed20b55/node_modules/next/dist/next-devtools/shared/forward-logs-shared.js:27
[  234288ms] [LOG] [Fast Refresh] done in 206ms @ webpack-internal:///(app-pages-browser)/./node_modules/.pnpm/next@16.2.1_@babel+core@7.2_362c6897e98f78157a7f59905ed20b55/node_modules/next/dist/next-devtools/shared/forward-logs-shared.js:27
[  237887ms] [LOG] [Fast Refresh] rebuilding @ webpack-internal:///(app-pages-browser)/./node_modules/.pnpm/next@16.2.1_@babel+core@7.2_362c6897e98f78157a7f59905ed20b55/node_modules/next/dist/next-devtools/shared/forward-logs-shared.js:27
[  238021ms] [LOG] [Fast Refresh] done in 135ms @ webpack-internal:///(app-pages-browser)/./node_modules/.pnpm/next@16.2.1_@babel+core@7.2_362c6897e98f78157a7f59905ed20b55/node_modules/next/dist/next-devtools/shared/forward-logs-shared.js:27
[  238053ms] [LOG] [Fast Refresh] rebuilding @ webpack-internal:///(app-pages-browser)/./node_modules/.pnpm/next@16.2.1_@babel+core@7.2_362c6897e98f78157a7f59905ed20b55/node_modules/next/dist/next-devtools/shared/forward-logs-shared.js:27
[  238269ms] [LOG] [Fast Refresh] done in 216ms @ webpack-internal:///(app-pages-browser)/./node_modules/.pnpm/next@16.2.1_@babel+core@7.2_362c6897e98f78157a7f59905ed20b55/node_modules/next/dist/next-devtools/shared/forward-logs-shared.js:27
[  239940ms] [LOG] [Fast Refresh] rebuilding @ webpack-internal:///(app-pages-browser)/./node_modules/.pnpm/next@16.2.1_@babel+core@7.2_362c6897e98f78157a7f59905ed20b55/node_modules/next/dist/next-devtools/shared/forward-logs-shared.js:27
[  240805ms] [LOG] [Fast Refresh] done in 864ms @ webpack-internal:///(app-pages-browser)/./node_modules/.pnpm/next@16.2.1_@babel+core@7.2_362c6897e98f78157a7f59905ed20b55/node_modules/next/dist/next-devtools/shared/forward-logs-shared.js:27
[  240811ms] [LOG] [Fast Refresh] rebuilding @ webpack-internal:///(app-pages-browser)/./node_modules/.pnpm/next@16.2.1_@babel+core@7.2_362c6897e98f78157a7f59905ed20b55/node_modules/next/dist/next-devtools/shared/forward-logs-shared.js:27
[  241002ms] [LOG] [Fast Refresh] rebuilding @ webpack-internal:///(app-pages-browser)/./node_modules/.pnpm/next@16.2.1_@babel+core@7.2_362c6897e98f78157a7f59905ed20b55/node_modules/next/dist/next-devtools/shared/forward-logs-shared.js:27
[  241104ms] [LOG] [Fast Refresh] done in 102ms @ webpack-internal:///(app-pages-browser)/./node_modules/.pnpm/next@16.2.1_@babel+core@7.2_362c6897e98f78157a7f59905ed20b55/node_modules/next/dist/next-devtools/shared/forward-logs-shared.js:27
[  241282ms] [LOG] [Fast Refresh] rebuilding @ webpack-internal:///(app-pages-browser)/./node_modules/.pnpm/next@16.2.1_@babel+core@7.2_362c6897e98f78157a7f59905ed20b55/node_modules/next/dist/next-devtools/shared/forward-logs-shared.js:27
[  241378ms] [LOG] [Fast Refresh] done in 96ms @ webpack-internal:///(app-pages-browser)/./node_modules/.pnpm/next@16.2.1_@babel+core@7.2_362c6897e98f78157a7f59905ed20b55/node_modules/next/dist/next-devtools/shared/forward-logs-shared.js:27
[  241533ms] [LOG] [Fast Refresh] rebuilding @ webpack-internal:///(app-pages-browser)/./node_modules/.pnpm/next@16.2.1_@babel+core@7.2_362c6897e98f78157a7f59905ed20b55/node_modules/next/dist/next-devtools/shared/forward-logs-shared.js:27
[  241697ms] [LOG] [Fast Refresh] done in 164ms @ webpack-internal:///(app-pages-browser)/./node_modules/.pnpm/next@16.2.1_@babel+core@7.2_362c6897e98f78157a7f59905ed20b55/node_modules/next/dist/next-devtools/shared/forward-logs-shared.js:27
[  241785ms] [LOG] [Fast Refresh] rebuilding @ webpack-internal:///(app-pages-browser)/./node_modules/.pnpm/next@16.2.1_@babel+core@7.2_362c6897e98f78157a7f59905ed20b55/node_modules/next/dist/next-devtools/shared/forward-logs-shared.js:27
[  241882ms] [LOG] [Fast Refresh] done in 97ms @ webpack-internal:///(app-pages-browser)/./node_modules/.pnpm/next@16.2.1_@babel+core@7.2_362c6897e98f78157a7f59905ed20b55/node_modules/next/dist/next-devtools/shared/forward-logs-shared.js:27
[  242039ms] [LOG] [Fast Refresh] rebuilding @ webpack-internal:///(app-pages-browser)/./node_modules/.pnpm/next@16.2.1_@babel+core@7.2_362c6897e98f78157a7f59905ed20b55/node_modules/next/dist/next-devtools/shared/forward-logs-shared.js:27
[  242126ms] [LOG] [Fast Refresh] done in 87ms @ webpack-internal:///(app-pages-browser)/./node_modules/.pnpm/next@16.2.1_@babel+core@7.2_362c6897e98f78157a7f59905ed20b55/node_modules/next/dist/next-devtools/shared/forward-logs-shared.js:27
[  242282ms] [LOG] [Fast Refresh] rebuilding @ webpack-internal:///(app-pages-browser)/./node_modules/.pnpm/next@16.2.1_@babel+core@7.2_362c6897e98f78157a7f59905ed20b55/node_modules/next/dist/next-devtools/shared/forward-logs-shared.js:27
[  242384ms] [LOG] [Fast Refresh] done in 103ms @ webpack-internal:///(app-pages-browser)/./node_modules/.pnpm/next@16.2.1_@babel+core@7.2_362c6897e98f78157a7f59905ed20b55/node_modules/next/dist/next-devtools/shared/forward-logs-shared.js:27
[  242553ms] [LOG] [Fast Refresh] rebuilding @ webpack-internal:///(app-pages-browser)/./node_modules/.pnpm/next@16.2.1_@babel+core@7.2_362c6897e98f78157a7f59905ed20b55/node_modules/next/dist/next-devtools/shared/forward-logs-shared.js:27
[  242689ms] [LOG] [Fast Refresh] done in 137ms @ webpack-internal:///(app-pages-browser)/./node_modules/.pnpm/next@16.2.1_@babel+core@7.2_362c6897e98f78157a7f59905ed20b55/node_modules/next/dist/next-devtools/shared/forward-logs-shared.js:27
[  242779ms] [LOG] [Fast Refresh] rebuilding @ webpack-internal:///(app-pages-browser)/./node_modules/.pnpm/next@16.2.1_@babel+core@7.2_362c6897e98f78157a7f59905ed20b55/node_modules/next/dist/next-devtools/shared/forward-logs-shared.js:27
[  242868ms] [LOG] [Fast Refresh] done in 89ms @ webpack-internal:///(app-pages-browser)/./node_modules/.pnpm/next@16.2.1_@babel+core@7.2_362c6897e98f78157a7f59905ed20b55/node_modules/next/dist/next-devtools/shared/forward-logs-shared.js:27
[  243001ms] [LOG] [Fast Refresh] rebuilding @ webpack-internal:///(app-pages-browser)/./node_modules/.pnpm/next@16.2.1_@babel+core@7.2_362c6897e98f78157a7f59905ed20b55/node_modules/next/dist/next-devtools/shared/forward-logs-shared.js:27
[  243138ms] [LOG] [Fast Refresh] done in 137ms @ webpack-internal:///(app-pages-browser)/./node_modules/.pnpm/next@16.2.1_@babel+core@7.2_362c6897e98f78157a7f59905ed20b55/node_modules/next/dist/next-devtools/shared/forward-logs-shared.js:27
[  243220ms] [LOG] [Fast Refresh] rebuilding @ webpack-internal:///(app-pages-browser)/./node_modules/.pnpm/next@16.2.1_@babel+core@7.2_362c6897e98f78157a7f59905ed20b55/node_modules/next/dist/next-devtools/shared/forward-logs-shared.js:27
[  243307ms] [LOG] [Fast Refresh] done in 88ms @ webpack-internal:///(app-pages-browser)/./node_modules/.pnpm/next@16.2.1_@babel+core@7.2_362c6897e98f78157a7f59905ed20b55/node_modules/next/dist/next-devtools/shared/forward-logs-shared.js:27
