[    1986ms] [INFO] %cDownload the React DevTools for a better development experience: https://react.dev/link/react-devtools font-weight:bold @ webpack-internal:///(app-pages-browser)/./node_modules/.pnpm/next@16.2.1_@babel+core@7.2_362c6897e98f78157a7f59905ed20b55/node_modules/next/dist/next-devtools/shared/forward-logs-shared.js:27
[    2272ms] [LOG] [HMR] connected @ webpack-internal:///(app-pages-browser)/./node_modules/.pnpm/next@16.2.1_@babel+core@7.2_362c6897e98f78157a7f59905ed20b55/node_modules/next/dist/next-devtools/shared/forward-logs-shared.js:27
[    2550ms] Error: Hydration failed because the server rendered HTML didn't match the client. As a result this tree will be regenerated on the client. This can happen if a SSR-ed Client Component used:

- A server/client branch `if (typeof window !== 'undefined')`.
- Variable input such as `Date.now()` or `Math.random()` which changes each time it's called.
- Date formatting in a user's locale which doesn't match the server.
- External changing data without sending a snapshot of it along with the HTML.
- Invalid HTML tag nesting.

It can also happen if the client has a browser extension installed which messes with the HTML before React loaded.

https://react.dev/link/hydration-mismatch

  ...
    <HTTPAccessFallbackBoundary notFound={undefined} forbidden={undefined} unauthorized={undefined}>
      <RedirectBoundary>
        <RedirectErrorBoundary router={{...}}>
          <InnerLayoutRouter url="/setup" tree={[...]} params={{}} cacheNode={{rsc:{...}, ...}} segmentPath={[...]} ...>
            <SegmentViewNode type="page" pagePath="setup/page...">
              <SegmentTrieNode>
              <ClientPageRoot Component={function SetupPage} serverProvidedParams={{...}}>
                <SetupPage params={Promise} searchParams={Promise}>
                  <div className="flex h-scr...">
                    <div>
                    <aside className={"w-72 shr..."}>
                      <Sidebar macros={[...]} selectedId={null} onSelect={function handleSelect} ...>
                        <div className="flex flex-...">
                          <div>
                          <div className="flex-1 ove...">
                            <p>
+                           <button
+                             onClick={function onClick}
+                             className="w-full text-left px-3 py-2.5 rounded-xl transition-colors text-[var(--text)] ..."
+                           >
-                           <p className="text-xs text-[var(--text-muted)] px-2 py-3">
                            ...
                          ...
                    ...
            ...
          ...

    at throwOnHydrationMismatch (webpack-internal:///(app-pages-browser)/./node_modules/.pnpm/next@16.2.1_@babel+core@7.2_362c6897e98f78157a7f59905ed20b55/node_modules/next/dist/compiled/react-dom/cjs/react-dom-client.development.js:5466:11)
    at beginWork (webpack-internal:///(app-pages-browser)/./node_modules/.pnpm/next@16.2.1_@babel+core@7.2_362c6897e98f78157a7f59905ed20b55/node_modules/next/dist/compiled/react-dom/cjs/react-dom-client.development.js:12362:17)
    at runWithFiberInDEV (webpack-internal:///(app-pages-browser)/./node_modules/.pnpm/next@16.2.1_@babel+core@7.2_362c6897e98f78157a7f59905ed20b55/node_modules/next/dist/compiled/react-dom/cjs/react-dom-client.development.js:987:30)
    at performUnitOfWork (webpack-internal:///(app-pages-browser)/./node_modules/.pnpm/next@16.2.1_@babel+core@7.2_362c6897e98f78157a7f59905ed20b55/node_modules/next/dist/compiled/react-dom/cjs/react-dom-client.development.js:18989:22)
    at workLoopConcurrentByScheduler (webpack-internal:///(app-pages-browser)/./node_modules/.pnpm/next@16.2.1_@babel+core@7.2_362c6897e98f78157a7f59905ed20b55/node_modules/next/dist/compiled/react-dom/cjs/react-dom-client.development.js:18983:9)
    at renderRootConcurrent (webpack-internal:///(app-pages-browser)/./node_modules/.pnpm/next@16.2.1_@babel+core@7.2_362c6897e98f78157a7f59905ed20b55/node_modules/next/dist/compiled/react-dom/cjs/react-dom-client.development.js:18965:15)
    at performWorkOnRoot (webpack-internal:///(app-pages-browser)/./node_modules/.pnpm/next@16.2.1_@babel+core@7.2_362c6897e98f78157a7f59905ed20b55/node_modules/next/dist/compiled/react-dom/cjs/react-dom-client.development.js:17823:11)
    at performWorkOnRootViaSchedulerTask (webpack-internal:///(app-pages-browser)/./node_modules/.pnpm/next@16.2.1_@babel+core@7.2_362c6897e98f78157a7f59905ed20b55/node_modules/next/dist/compiled/react-dom/cjs/react-dom-client.development.js:20472:7)
    at MessagePort.performWorkUntilDeadline (webpack-internal:///(app-pages-browser)/./node_modules/.pnpm/next@16.2.1_@babel+core@7.2_362c6897e98f78157a7f59905ed20b55/node_modules/next/dist/compiled/scheduler/cjs/scheduler.development.js:45:48)
[    2621ms] [LOG] [Fast Refresh] rebuilding @ webpack-internal:///(app-pages-browser)/./node_modules/.pnpm/next@16.2.1_@babel+core@7.2_362c6897e98f78157a7f59905ed20b55/node_modules/next/dist/next-devtools/shared/forward-logs-shared.js:27
[    2797ms] [LOG] [Fast Refresh] done in 177ms @ webpack-internal:///(app-pages-browser)/./node_modules/.pnpm/next@16.2.1_@babel+core@7.2_362c6897e98f78157a7f59905ed20b55/node_modules/next/dist/next-devtools/shared/forward-logs-shared.js:27
[    4659ms] [LOG] [Fast Refresh] rebuilding @ webpack-internal:///(app-pages-browser)/./node_modules/.pnpm/next@16.2.1_@babel+core@7.2_362c6897e98f78157a7f59905ed20b55/node_modules/next/dist/next-devtools/shared/forward-logs-shared.js:27
[    4961ms] [LOG] [Fast Refresh] rebuilding @ webpack-internal:///(app-pages-browser)/./node_modules/.pnpm/next@16.2.1_@babel+core@7.2_362c6897e98f78157a7f59905ed20b55/node_modules/next/dist/next-devtools/shared/forward-logs-shared.js:27
[    5091ms] [LOG] [Fast Refresh] done in 129ms @ webpack-internal:///(app-pages-browser)/./node_modules/.pnpm/next@16.2.1_@babel+core@7.2_362c6897e98f78157a7f59905ed20b55/node_modules/next/dist/next-devtools/shared/forward-logs-shared.js:27
[    5280ms] [LOG] [Fast Refresh] done in 319ms @ webpack-internal:///(app-pages-browser)/./node_modules/.pnpm/next@16.2.1_@babel+core@7.2_362c6897e98f78157a7f59905ed20b55/node_modules/next/dist/next-devtools/shared/forward-logs-shared.js:27
[    5543ms] [LOG] [Fast Refresh] rebuilding @ webpack-internal:///(app-pages-browser)/./node_modules/.pnpm/next@16.2.1_@babel+core@7.2_362c6897e98f78157a7f59905ed20b55/node_modules/next/dist/next-devtools/shared/forward-logs-shared.js:27
[    5844ms] [LOG] [Fast Refresh] done in 300ms @ webpack-internal:///(app-pages-browser)/./node_modules/.pnpm/next@16.2.1_@babel+core@7.2_362c6897e98f78157a7f59905ed20b55/node_modules/next/dist/next-devtools/shared/forward-logs-shared.js:27
[    5854ms] [LOG] [Fast Refresh] rebuilding @ webpack-internal:///(app-pages-browser)/./node_modules/.pnpm/next@16.2.1_@babel+core@7.2_362c6897e98f78157a7f59905ed20b55/node_modules/next/dist/next-devtools/shared/forward-logs-shared.js:27
[    5948ms] [LOG] [Fast Refresh] done in 94ms @ webpack-internal:///(app-pages-browser)/./node_modules/.pnpm/next@16.2.1_@babel+core@7.2_362c6897e98f78157a7f59905ed20b55/node_modules/next/dist/next-devtools/shared/forward-logs-shared.js:27
[    6468ms] [LOG] [Fast Refresh] done in 614ms @ webpack-internal:///(app-pages-browser)/./node_modules/.pnpm/next@16.2.1_@babel+core@7.2_362c6897e98f78157a7f59905ed20b55/node_modules/next/dist/next-devtools/shared/forward-logs-shared.js:27
[    6475ms] [LOG] [Fast Refresh] rebuilding @ webpack-internal:///(app-pages-browser)/./node_modules/.pnpm/next@16.2.1_@babel+core@7.2_362c6897e98f78157a7f59905ed20b55/node_modules/next/dist/next-devtools/shared/forward-logs-shared.js:27
[    6629ms] [LOG] [Fast Refresh] rebuilding @ webpack-internal:///(app-pages-browser)/./node_modules/.pnpm/next@16.2.1_@babel+core@7.2_362c6897e98f78157a7f59905ed20b55/node_modules/next/dist/next-devtools/shared/forward-logs-shared.js:27
[    6710ms] [LOG] [Fast Refresh] done in 81ms @ webpack-internal:///(app-pages-browser)/./node_modules/.pnpm/next@16.2.1_@babel+core@7.2_362c6897e98f78157a7f59905ed20b55/node_modules/next/dist/next-devtools/shared/forward-logs-shared.js:27
[    8620ms] [INFO] %cDownload the React DevTools for a better development experience: https://react.dev/link/react-devtools font-weight:bold @ webpack-internal:///(app-pages-browser)/./node_modules/.pnpm/next@16.2.1_@babel+core@7.2_362c6897e98f78157a7f59905ed20b55/node_modules/next/dist/next-devtools/shared/forward-logs-shared.js:27
[    8833ms] [LOG] [HMR] connected @ webpack-internal:///(app-pages-browser)/./node_modules/.pnpm/next@16.2.1_@babel+core@7.2_362c6897e98f78157a7f59905ed20b55/node_modules/next/dist/next-devtools/shared/forward-logs-shared.js:27
[    9006ms] Error: Hydration failed because the server rendered HTML didn't match the client. As a result this tree will be regenerated on the client. This can happen if a SSR-ed Client Component used:

- A server/client branch `if (typeof window !== 'undefined')`.
- Variable input such as `Date.now()` or `Math.random()` which changes each time it's called.
- Date formatting in a user's locale which doesn't match the server.
- External changing data without sending a snapshot of it along with the HTML.
- Invalid HTML tag nesting.

It can also happen if the client has a browser extension installed which messes with the HTML before React loaded.

https://react.dev/link/hydration-mismatch

  ...
    <HTTPAccessFallbackBoundary notFound={undefined} forbidden={undefined} unauthorized={undefined}>
      <RedirectBoundary>
        <RedirectErrorBoundary router={{...}}>
          <InnerLayoutRouter url="/setup" tree={[...]} params={{}} cacheNode={{rsc:{...}, ...}} segmentPath={[...]} ...>
            <SegmentViewNode type="page" pagePath="setup/page...">
              <SegmentTrieNode>
              <ClientPageRoot Component={function SetupPage} serverProvidedParams={{...}}>
                <SetupPage params={Promise} searchParams={Promise}>
                  <div className="flex h-scr...">
                    <div>
                    <aside className={"w-72 shr..."}>
                      <Sidebar macros={[...]} selectedId={null} onSelect={function handleSelect} ...>
                        <div className="flex flex-...">
                          <div>
                          <div className="flex-1 ove...">
                            <p>
+                           <button
+                             onClick={function onClick}
+                             className="w-full text-left px-3 py-2.5 rounded-xl transition-colors text-[var(--text)] ..."
+                           >
-                           <p className="text-xs text-[var(--text-muted)] px-2 py-3">
                            ...
                          ...
                    ...
            ...
          ...

    at throwOnHydrationMismatch (webpack-internal:///(app-pages-browser)/./node_modules/.pnpm/next@16.2.1_@babel+core@7.2_362c6897e98f78157a7f59905ed20b55/node_modules/next/dist/compiled/react-dom/cjs/react-dom-client.development.js:5466:11)
    at beginWork (webpack-internal:///(app-pages-browser)/./node_modules/.pnpm/next@16.2.1_@babel+core@7.2_362c6897e98f78157a7f59905ed20b55/node_modules/next/dist/compiled/react-dom/cjs/react-dom-client.development.js:12362:17)
    at runWithFiberInDEV (webpack-internal:///(app-pages-browser)/./node_modules/.pnpm/next@16.2.1_@babel+core@7.2_362c6897e98f78157a7f59905ed20b55/node_modules/next/dist/compiled/react-dom/cjs/react-dom-client.development.js:987:30)
    at performUnitOfWork (webpack-internal:///(app-pages-browser)/./node_modules/.pnpm/next@16.2.1_@babel+core@7.2_362c6897e98f78157a7f59905ed20b55/node_modules/next/dist/compiled/react-dom/cjs/react-dom-client.development.js:18989:22)
    at workLoopConcurrentByScheduler (webpack-internal:///(app-pages-browser)/./node_modules/.pnpm/next@16.2.1_@babel+core@7.2_362c6897e98f78157a7f59905ed20b55/node_modules/next/dist/compiled/react-dom/cjs/react-dom-client.development.js:18983:9)
    at renderRootConcurrent (webpack-internal:///(app-pages-browser)/./node_modules/.pnpm/next@16.2.1_@babel+core@7.2_362c6897e98f78157a7f59905ed20b55/node_modules/next/dist/compiled/react-dom/cjs/react-dom-client.development.js:18965:15)
    at performWorkOnRoot (webpack-internal:///(app-pages-browser)/./node_modules/.pnpm/next@16.2.1_@babel+core@7.2_362c6897e98f78157a7f59905ed20b55/node_modules/next/dist/compiled/react-dom/cjs/react-dom-client.development.js:17823:11)
    at performWorkOnRootViaSchedulerTask (webpack-internal:///(app-pages-browser)/./node_modules/.pnpm/next@16.2.1_@babel+core@7.2_362c6897e98f78157a7f59905ed20b55/node_modules/next/dist/compiled/react-dom/cjs/react-dom-client.development.js:20472:7)
    at MessagePort.performWorkUntilDeadline (webpack-internal:///(app-pages-browser)/./node_modules/.pnpm/next@16.2.1_@babel+core@7.2_362c6897e98f78157a7f59905ed20b55/node_modules/next/dist/compiled/scheduler/cjs/scheduler.development.js:45:48)
[    9562ms] [LOG] [Fast Refresh] rebuilding @ webpack-internal:///(app-pages-browser)/./node_modules/.pnpm/next@16.2.1_@babel+core@7.2_362c6897e98f78157a7f59905ed20b55/node_modules/next/dist/next-devtools/shared/forward-logs-shared.js:27
[    9694ms] [LOG] [Fast Refresh] done in 132ms @ webpack-internal:///(app-pages-browser)/./node_modules/.pnpm/next@16.2.1_@babel+core@7.2_362c6897e98f78157a7f59905ed20b55/node_modules/next/dist/next-devtools/shared/forward-logs-shared.js:27
[    9777ms] [LOG] [Fast Refresh] rebuilding @ webpack-internal:///(app-pages-browser)/./node_modules/.pnpm/next@16.2.1_@babel+core@7.2_362c6897e98f78157a7f59905ed20b55/node_modules/next/dist/next-devtools/shared/forward-logs-shared.js:27
[    9851ms] [LOG] [Fast Refresh] done in 75ms @ webpack-internal:///(app-pages-browser)/./node_modules/.pnpm/next@16.2.1_@babel+core@7.2_362c6897e98f78157a7f59905ed20b55/node_modules/next/dist/next-devtools/shared/forward-logs-shared.js:27
[    9995ms] [LOG] [Fast Refresh] rebuilding @ webpack-internal:///(app-pages-browser)/./node_modules/.pnpm/next@16.2.1_@babel+core@7.2_362c6897e98f78157a7f59905ed20b55/node_modules/next/dist/next-devtools/shared/forward-logs-shared.js:27
[   10076ms] [LOG] [Fast Refresh] done in 81ms @ webpack-internal:///(app-pages-browser)/./node_modules/.pnpm/next@16.2.1_@babel+core@7.2_362c6897e98f78157a7f59905ed20b55/node_modules/next/dist/next-devtools/shared/forward-logs-shared.js:27
[   10208ms] [LOG] [Fast Refresh] rebuilding @ webpack-internal:///(app-pages-browser)/./node_modules/.pnpm/next@16.2.1_@babel+core@7.2_362c6897e98f78157a7f59905ed20b55/node_modules/next/dist/next-devtools/shared/forward-logs-shared.js:27
[   10272ms] [LOG] [Fast Refresh] done in 64ms @ webpack-internal:///(app-pages-browser)/./node_modules/.pnpm/next@16.2.1_@babel+core@7.2_362c6897e98f78157a7f59905ed20b55/node_modules/next/dist/next-devtools/shared/forward-logs-shared.js:27
[   10463ms] [LOG] [Fast Refresh] rebuilding @ webpack-internal:///(app-pages-browser)/./node_modules/.pnpm/next@16.2.1_@babel+core@7.2_362c6897e98f78157a7f59905ed20b55/node_modules/next/dist/next-devtools/shared/forward-logs-shared.js:27
[   10580ms] [LOG] [Fast Refresh] done in 118ms @ webpack-internal:///(app-pages-browser)/./node_modules/.pnpm/next@16.2.1_@babel+core@7.2_362c6897e98f78157a7f59905ed20b55/node_modules/next/dist/next-devtools/shared/forward-logs-shared.js:27
[   10674ms] [LOG] [Fast Refresh] rebuilding @ webpack-internal:///(app-pages-browser)/./node_modules/.pnpm/next@16.2.1_@babel+core@7.2_362c6897e98f78157a7f59905ed20b55/node_modules/next/dist/next-devtools/shared/forward-logs-shared.js:27
[   10745ms] [LOG] [Fast Refresh] done in 72ms @ webpack-internal:///(app-pages-browser)/./node_modules/.pnpm/next@16.2.1_@babel+core@7.2_362c6897e98f78157a7f59905ed20b55/node_modules/next/dist/next-devtools/shared/forward-logs-shared.js:27
[   10898ms] [LOG] [Fast Refresh] rebuilding @ webpack-internal:///(app-pages-browser)/./node_modules/.pnpm/next@16.2.1_@babel+core@7.2_362c6897e98f78157a7f59905ed20b55/node_modules/next/dist/next-devtools/shared/forward-logs-shared.js:27
[   10992ms] [LOG] [Fast Refresh] done in 94ms @ webpack-internal:///(app-pages-browser)/./node_modules/.pnpm/next@16.2.1_@babel+core@7.2_362c6897e98f78157a7f59905ed20b55/node_modules/next/dist/next-devtools/shared/forward-logs-shared.js:27
[   11131ms] [LOG] [Fast Refresh] rebuilding @ webpack-internal:///(app-pages-browser)/./node_modules/.pnpm/next@16.2.1_@babel+core@7.2_362c6897e98f78157a7f59905ed20b55/node_modules/next/dist/next-devtools/shared/forward-logs-shared.js:27
[   11204ms] [LOG] [Fast Refresh] done in 73ms @ webpack-internal:///(app-pages-browser)/./node_modules/.pnpm/next@16.2.1_@babel+core@7.2_362c6897e98f78157a7f59905ed20b55/node_modules/next/dist/next-devtools/shared/forward-logs-shared.js:27
[   11349ms] [LOG] [Fast Refresh] rebuilding @ webpack-internal:///(app-pages-browser)/./node_modules/.pnpm/next@16.2.1_@babel+core@7.2_362c6897e98f78157a7f59905ed20b55/node_modules/next/dist/next-devtools/shared/forward-logs-shared.js:27
[   11495ms] [LOG] [Fast Refresh] done in 146ms @ webpack-internal:///(app-pages-browser)/./node_modules/.pnpm/next@16.2.1_@babel+core@7.2_362c6897e98f78157a7f59905ed20b55/node_modules/next/dist/next-devtools/shared/forward-logs-shared.js:27
[   11611ms] [LOG] [Fast Refresh] rebuilding @ webpack-internal:///(app-pages-browser)/./node_modules/.pnpm/next@16.2.1_@babel+core@7.2_362c6897e98f78157a7f59905ed20b55/node_modules/next/dist/next-devtools/shared/forward-logs-shared.js:27
[   11736ms] [LOG] [Fast Refresh] done in 126ms @ webpack-internal:///(app-pages-browser)/./node_modules/.pnpm/next@16.2.1_@babel+core@7.2_362c6897e98f78157a7f59905ed20b55/node_modules/next/dist/next-devtools/shared/forward-logs-shared.js:27
[   11945ms] [LOG] [Fast Refresh] rebuilding @ webpack-internal:///(app-pages-browser)/./node_modules/.pnpm/next@16.2.1_@babel+core@7.2_362c6897e98f78157a7f59905ed20b55/node_modules/next/dist/next-devtools/shared/forward-logs-shared.js:27
[   12026ms] [LOG] [Fast Refresh] done in 82ms @ webpack-internal:///(app-pages-browser)/./node_modules/.pnpm/next@16.2.1_@babel+core@7.2_362c6897e98f78157a7f59905ed20b55/node_modules/next/dist/next-devtools/shared/forward-logs-shared.js:27
[   12188ms] [LOG] [Fast Refresh] rebuilding @ webpack-internal:///(app-pages-browser)/./node_modules/.pnpm/next@16.2.1_@babel+core@7.2_362c6897e98f78157a7f59905ed20b55/node_modules/next/dist/next-devtools/shared/forward-logs-shared.js:27
[   12273ms] [LOG] [Fast Refresh] done in 85ms @ webpack-internal:///(app-pages-browser)/./node_modules/.pnpm/next@16.2.1_@babel+core@7.2_362c6897e98f78157a7f59905ed20b55/node_modules/next/dist/next-devtools/shared/forward-logs-shared.js:27
[   12398ms] [LOG] [Fast Refresh] rebuilding @ webpack-internal:///(app-pages-browser)/./node_modules/.pnpm/next@16.2.1_@babel+core@7.2_362c6897e98f78157a7f59905ed20b55/node_modules/next/dist/next-devtools/shared/forward-logs-shared.js:27
[   12461ms] [LOG] [Fast Refresh] done in 63ms @ webpack-internal:///(app-pages-browser)/./node_modules/.pnpm/next@16.2.1_@babel+core@7.2_362c6897e98f78157a7f59905ed20b55/node_modules/next/dist/next-devtools/shared/forward-logs-shared.js:27
[   12592ms] [LOG] [Fast Refresh] rebuilding @ webpack-internal:///(app-pages-browser)/./node_modules/.pnpm/next@16.2.1_@babel+core@7.2_362c6897e98f78157a7f59905ed20b55/node_modules/next/dist/next-devtools/shared/forward-logs-shared.js:27
[   12653ms] [LOG] [Fast Refresh] done in 60ms @ webpack-internal:///(app-pages-browser)/./node_modules/.pnpm/next@16.2.1_@babel+core@7.2_362c6897e98f78157a7f59905ed20b55/node_modules/next/dist/next-devtools/shared/forward-logs-shared.js:27
[   12783ms] [LOG] [Fast Refresh] rebuilding @ webpack-internal:///(app-pages-browser)/./node_modules/.pnpm/next@16.2.1_@babel+core@7.2_362c6897e98f78157a7f59905ed20b55/node_modules/next/dist/next-devtools/shared/forward-logs-shared.js:27
[   12847ms] [LOG] [Fast Refresh] done in 65ms @ webpack-internal:///(app-pages-browser)/./node_modules/.pnpm/next@16.2.1_@babel+core@7.2_362c6897e98f78157a7f59905ed20b55/node_modules/next/dist/next-devtools/shared/forward-logs-shared.js:27
[   12971ms] [LOG] [Fast Refresh] rebuilding @ webpack-internal:///(app-pages-browser)/./node_modules/.pnpm/next@16.2.1_@babel+core@7.2_362c6897e98f78157a7f59905ed20b55/node_modules/next/dist/next-devtools/shared/forward-logs-shared.js:27
[   13029ms] [LOG] [Fast Refresh] done in 59ms @ webpack-internal:///(app-pages-browser)/./node_modules/.pnpm/next@16.2.1_@babel+core@7.2_362c6897e98f78157a7f59905ed20b55/node_modules/next/dist/next-devtools/shared/forward-logs-shared.js:27
[   13152ms] [LOG] [Fast Refresh] rebuilding @ webpack-internal:///(app-pages-browser)/./node_modules/.pnpm/next@16.2.1_@babel+core@7.2_362c6897e98f78157a7f59905ed20b55/node_modules/next/dist/next-devtools/shared/forward-logs-shared.js:27
[   13222ms] [LOG] [Fast Refresh] done in 71ms @ webpack-internal:///(app-pages-browser)/./node_modules/.pnpm/next@16.2.1_@babel+core@7.2_362c6897e98f78157a7f59905ed20b55/node_modules/next/dist/next-devtools/shared/forward-logs-shared.js:27
[   13343ms] [LOG] [Fast Refresh] rebuilding @ webpack-internal:///(app-pages-browser)/./node_modules/.pnpm/next@16.2.1_@babel+core@7.2_362c6897e98f78157a7f59905ed20b55/node_modules/next/dist/next-devtools/shared/forward-logs-shared.js:27
[   13401ms] [LOG] [Fast Refresh] done in 57ms @ webpack-internal:///(app-pages-browser)/./node_modules/.pnpm/next@16.2.1_@babel+core@7.2_362c6897e98f78157a7f59905ed20b55/node_modules/next/dist/next-devtools/shared/forward-logs-shared.js:27
[   13536ms] [LOG] [Fast Refresh] rebuilding @ webpack-internal:///(app-pages-browser)/./node_modules/.pnpm/next@16.2.1_@babel+core@7.2_362c6897e98f78157a7f59905ed20b55/node_modules/next/dist/next-devtools/shared/forward-logs-shared.js:27
[   13598ms] [LOG] [Fast Refresh] done in 62ms @ webpack-internal:///(app-pages-browser)/./node_modules/.pnpm/next@16.2.1_@babel+core@7.2_362c6897e98f78157a7f59905ed20b55/node_modules/next/dist/next-devtools/shared/forward-logs-shared.js:27
[   13722ms] [LOG] [Fast Refresh] rebuilding @ webpack-internal:///(app-pages-browser)/./node_modules/.pnpm/next@16.2.1_@babel+core@7.2_362c6897e98f78157a7f59905ed20b55/node_modules/next/dist/next-devtools/shared/forward-logs-shared.js:27
[   13777ms] [LOG] [Fast Refresh] done in 56ms @ webpack-internal:///(app-pages-browser)/./node_modules/.pnpm/next@16.2.1_@babel+core@7.2_362c6897e98f78157a7f59905ed20b55/node_modules/next/dist/next-devtools/shared/forward-logs-shared.js:27
[   13901ms] [LOG] [Fast Refresh] rebuilding @ webpack-internal:///(app-pages-browser)/./node_modules/.pnpm/next@16.2.1_@babel+core@7.2_362c6897e98f78157a7f59905ed20b55/node_modules/next/dist/next-devtools/shared/forward-logs-shared.js:27
[   13967ms] [LOG] [Fast Refresh] done in 66ms @ webpack-internal:///(app-pages-browser)/./node_modules/.pnpm/next@16.2.1_@babel+core@7.2_362c6897e98f78157a7f59905ed20b55/node_modules/next/dist/next-devtools/shared/forward-logs-shared.js:27
[   14090ms] [LOG] [Fast Refresh] rebuilding @ webpack-internal:///(app-pages-browser)/./node_modules/.pnpm/next@16.2.1_@babel+core@7.2_362c6897e98f78157a7f59905ed20b55/node_modules/next/dist/next-devtools/shared/forward-logs-shared.js:27
[   14153ms] [LOG] [Fast Refresh] done in 64ms @ webpack-internal:///(app-pages-browser)/./node_modules/.pnpm/next@16.2.1_@babel+core@7.2_362c6897e98f78157a7f59905ed20b55/node_modules/next/dist/next-devtools/shared/forward-logs-shared.js:27
[   14285ms] [LOG] [Fast Refresh] rebuilding @ webpack-internal:///(app-pages-browser)/./node_modules/.pnpm/next@16.2.1_@babel+core@7.2_362c6897e98f78157a7f59905ed20b55/node_modules/next/dist/next-devtools/shared/forward-logs-shared.js:27
[   14358ms] [LOG] [Fast Refresh] done in 73ms @ webpack-internal:///(app-pages-browser)/./node_modules/.pnpm/next@16.2.1_@babel+core@7.2_362c6897e98f78157a7f59905ed20b55/node_modules/next/dist/next-devtools/shared/forward-logs-shared.js:27
[   14500ms] [LOG] [Fast Refresh] rebuilding @ webpack-internal:///(app-pages-browser)/./node_modules/.pnpm/next@16.2.1_@babel+core@7.2_362c6897e98f78157a7f59905ed20b55/node_modules/next/dist/next-devtools/shared/forward-logs-shared.js:27
[   14563ms] [LOG] [Fast Refresh] done in 63ms @ webpack-internal:///(app-pages-browser)/./node_modules/.pnpm/next@16.2.1_@babel+core@7.2_362c6897e98f78157a7f59905ed20b55/node_modules/next/dist/next-devtools/shared/forward-logs-shared.js:27
[   14702ms] [LOG] [Fast Refresh] rebuilding @ webpack-internal:///(app-pages-browser)/./node_modules/.pnpm/next@16.2.1_@babel+core@7.2_362c6897e98f78157a7f59905ed20b55/node_modules/next/dist/next-devtools/shared/forward-logs-shared.js:27
[   14806ms] [LOG] [Fast Refresh] done in 103ms @ webpack-internal:///(app-pages-browser)/./node_modules/.pnpm/next@16.2.1_@babel+core@7.2_362c6897e98f78157a7f59905ed20b55/node_modules/next/dist/next-devtools/shared/forward-logs-shared.js:27
[   14898ms] [LOG] [Fast Refresh] rebuilding @ webpack-internal:///(app-pages-browser)/./node_modules/.pnpm/next@16.2.1_@babel+core@7.2_362c6897e98f78157a7f59905ed20b55/node_modules/next/dist/next-devtools/shared/forward-logs-shared.js:27
[   14959ms] [LOG] [Fast Refresh] done in 61ms @ webpack-internal:///(app-pages-browser)/./node_modules/.pnpm/next@16.2.1_@babel+core@7.2_362c6897e98f78157a7f59905ed20b55/node_modules/next/dist/next-devtools/shared/forward-logs-shared.js:27
[   15088ms] [LOG] [Fast Refresh] rebuilding @ webpack-internal:///(app-pages-browser)/./node_modules/.pnpm/next@16.2.1_@babel+core@7.2_362c6897e98f78157a7f59905ed20b55/node_modules/next/dist/next-devtools/shared/forward-logs-shared.js:27
[   15152ms] [LOG] [Fast Refresh] done in 64ms @ webpack-internal:///(app-pages-browser)/./node_modules/.pnpm/next@16.2.1_@babel+core@7.2_362c6897e98f78157a7f59905ed20b55/node_modules/next/dist/next-devtools/shared/forward-logs-shared.js:27
[   15279ms] [LOG] [Fast Refresh] rebuilding @ webpack-internal:///(app-pages-browser)/./node_modules/.pnpm/next@16.2.1_@babel+core@7.2_362c6897e98f78157a7f59905ed20b55/node_modules/next/dist/next-devtools/shared/forward-logs-shared.js:27
[   15341ms] [LOG] [Fast Refresh] done in 61ms @ webpack-internal:///(app-pages-browser)/./node_modules/.pnpm/next@16.2.1_@babel+core@7.2_362c6897e98f78157a7f59905ed20b55/node_modules/next/dist/next-devtools/shared/forward-logs-shared.js:27
[   15473ms] [LOG] [Fast Refresh] rebuilding @ webpack-internal:///(app-pages-browser)/./node_modules/.pnpm/next@16.2.1_@babel+core@7.2_362c6897e98f78157a7f59905ed20b55/node_modules/next/dist/next-devtools/shared/forward-logs-shared.js:27
[   15550ms] [LOG] [Fast Refresh] done in 76ms @ webpack-internal:///(app-pages-browser)/./node_modules/.pnpm/next@16.2.1_@babel+core@7.2_362c6897e98f78157a7f59905ed20b55/node_modules/next/dist/next-devtools/shared/forward-logs-shared.js:27
[   15676ms] [LOG] [Fast Refresh] rebuilding @ webpack-internal:///(app-pages-browser)/./node_modules/.pnpm/next@16.2.1_@babel+core@7.2_362c6897e98f78157a7f59905ed20b55/node_modules/next/dist/next-devtools/shared/forward-logs-shared.js:27
[   15743ms] [LOG] [Fast Refresh] done in 67ms @ webpack-internal:///(app-pages-browser)/./node_modules/.pnpm/next@16.2.1_@babel+core@7.2_362c6897e98f78157a7f59905ed20b55/node_modules/next/dist/next-devtools/shared/forward-logs-shared.js:27
[   15879ms] [LOG] [Fast Refresh] rebuilding @ webpack-internal:///(app-pages-browser)/./node_modules/.pnpm/next@16.2.1_@babel+core@7.2_362c6897e98f78157a7f59905ed20b55/node_modules/next/dist/next-devtools/shared/forward-logs-shared.js:27
[   15941ms] [LOG] [Fast Refresh] done in 62ms @ webpack-internal:///(app-pages-browser)/./node_modules/.pnpm/next@16.2.1_@babel+core@7.2_362c6897e98f78157a7f59905ed20b55/node_modules/next/dist/next-devtools/shared/forward-logs-shared.js:27
[   16067ms] [LOG] [Fast Refresh] rebuilding @ webpack-internal:///(app-pages-browser)/./node_modules/.pnpm/next@16.2.1_@babel+core@7.2_362c6897e98f78157a7f59905ed20b55/node_modules/next/dist/next-devtools/shared/forward-logs-shared.js:27
[   16132ms] [LOG] [Fast Refresh] done in 64ms @ webpack-internal:///(app-pages-browser)/./node_modules/.pnpm/next@16.2.1_@babel+core@7.2_362c6897e98f78157a7f59905ed20b55/node_modules/next/dist/next-devtools/shared/forward-logs-shared.js:27
[   16263ms] [LOG] [Fast Refresh] rebuilding @ webpack-internal:///(app-pages-browser)/./node_modules/.pnpm/next@16.2.1_@babel+core@7.2_362c6897e98f78157a7f59905ed20b55/node_modules/next/dist/next-devtools/shared/forward-logs-shared.js:27
[   16333ms] [LOG] [Fast Refresh] done in 70ms @ webpack-internal:///(app-pages-browser)/./node_modules/.pnpm/next@16.2.1_@babel+core@7.2_362c6897e98f78157a7f59905ed20b55/node_modules/next/dist/next-devtools/shared/forward-logs-shared.js:27
[   16465ms] [LOG] [Fast Refresh] rebuilding @ webpack-internal:///(app-pages-browser)/./node_modules/.pnpm/next@16.2.1_@babel+core@7.2_362c6897e98f78157a7f59905ed20b55/node_modules/next/dist/next-devtools/shared/forward-logs-shared.js:27
[   16534ms] [LOG] [Fast Refresh] done in 69ms @ webpack-internal:///(app-pages-browser)/./node_modules/.pnpm/next@16.2.1_@babel+core@7.2_362c6897e98f78157a7f59905ed20b55/node_modules/next/dist/next-devtools/shared/forward-logs-shared.js:27
[   16670ms] [LOG] [Fast Refresh] rebuilding @ webpack-internal:///(app-pages-browser)/./node_modules/.pnpm/next@16.2.1_@babel+core@7.2_362c6897e98f78157a7f59905ed20b55/node_modules/next/dist/next-devtools/shared/forward-logs-shared.js:27
[   16742ms] [LOG] [Fast Refresh] done in 72ms @ webpack-internal:///(app-pages-browser)/./node_modules/.pnpm/next@16.2.1_@babel+core@7.2_362c6897e98f78157a7f59905ed20b55/node_modules/next/dist/next-devtools/shared/forward-logs-shared.js:27
[   16880ms] [LOG] [Fast Refresh] rebuilding @ webpack-internal:///(app-pages-browser)/./node_modules/.pnpm/next@16.2.1_@babel+core@7.2_362c6897e98f78157a7f59905ed20b55/node_modules/next/dist/next-devtools/shared/forward-logs-shared.js:27
[   16948ms] [LOG] [Fast Refresh] done in 68ms @ webpack-internal:///(app-pages-browser)/./node_modules/.pnpm/next@16.2.1_@babel+core@7.2_362c6897e98f78157a7f59905ed20b55/node_modules/next/dist/next-devtools/shared/forward-logs-shared.js:27
[   17081ms] [LOG] [Fast Refresh] rebuilding @ webpack-internal:///(app-pages-browser)/./node_modules/.pnpm/next@16.2.1_@babel+core@7.2_362c6897e98f78157a7f59905ed20b55/node_modules/next/dist/next-devtools/shared/forward-logs-shared.js:27
[   17154ms] [LOG] [Fast Refresh] done in 74ms @ webpack-internal:///(app-pages-browser)/./node_modules/.pnpm/next@16.2.1_@babel+core@7.2_362c6897e98f78157a7f59905ed20b55/node_modules/next/dist/next-devtools/shared/forward-logs-shared.js:27
[   17291ms] [LOG] [Fast Refresh] rebuilding @ webpack-internal:///(app-pages-browser)/./node_modules/.pnpm/next@16.2.1_@babel+core@7.2_362c6897e98f78157a7f59905ed20b55/node_modules/next/dist/next-devtools/shared/forward-logs-shared.js:27
[   17360ms] [LOG] [Fast Refresh] done in 69ms @ webpack-internal:///(app-pages-browser)/./node_modules/.pnpm/next@16.2.1_@babel+core@7.2_362c6897e98f78157a7f59905ed20b55/node_modules/next/dist/next-devtools/shared/forward-logs-shared.js:27
[   17480ms] [LOG] [Fast Refresh] rebuilding @ webpack-internal:///(app-pages-browser)/./node_modules/.pnpm/next@16.2.1_@babel+core@7.2_362c6897e98f78157a7f59905ed20b55/node_modules/next/dist/next-devtools/shared/forward-logs-shared.js:27
[   17543ms] [LOG] [Fast Refresh] done in 64ms @ webpack-internal:///(app-pages-browser)/./node_modules/.pnpm/next@16.2.1_@babel+core@7.2_362c6897e98f78157a7f59905ed20b55/node_modules/next/dist/next-devtools/shared/forward-logs-shared.js:27
[   17670ms] [LOG] [Fast Refresh] rebuilding @ webpack-internal:///(app-pages-browser)/./node_modules/.pnpm/next@16.2.1_@babel+core@7.2_362c6897e98f78157a7f59905ed20b55/node_modules/next/dist/next-devtools/shared/forward-logs-shared.js:27
[   17734ms] [LOG] [Fast Refresh] done in 64ms @ webpack-internal:///(app-pages-browser)/./node_modules/.pnpm/next@16.2.1_@babel+core@7.2_362c6897e98f78157a7f59905ed20b55/node_modules/next/dist/next-devtools/shared/forward-logs-shared.js:27
[   17867ms] [LOG] [Fast Refresh] rebuilding @ webpack-internal:///(app-pages-browser)/./node_modules/.pnpm/next@16.2.1_@babel+core@7.2_362c6897e98f78157a7f59905ed20b55/node_modules/next/dist/next-devtools/shared/forward-logs-shared.js:27
[   17949ms] [LOG] [Fast Refresh] done in 82ms @ webpack-internal:///(app-pages-browser)/./node_modules/.pnpm/next@16.2.1_@babel+core@7.2_362c6897e98f78157a7f59905ed20b55/node_modules/next/dist/next-devtools/shared/forward-logs-shared.js:27
[   18094ms] [LOG] [Fast Refresh] rebuilding @ webpack-internal:///(app-pages-browser)/./node_modules/.pnpm/next@16.2.1_@babel+core@7.2_362c6897e98f78157a7f59905ed20b55/node_modules/next/dist/next-devtools/shared/forward-logs-shared.js:27
[   18159ms] [LOG] [Fast Refresh] done in 65ms @ webpack-internal:///(app-pages-browser)/./node_modules/.pnpm/next@16.2.1_@babel+core@7.2_362c6897e98f78157a7f59905ed20b55/node_modules/next/dist/next-devtools/shared/forward-logs-shared.js:27
[   18287ms] [LOG] [Fast Refresh] rebuilding @ webpack-internal:///(app-pages-browser)/./node_modules/.pnpm/next@16.2.1_@babel+core@7.2_362c6897e98f78157a7f59905ed20b55/node_modules/next/dist/next-devtools/shared/forward-logs-shared.js:27
[   18354ms] [LOG] [Fast Refresh] done in 66ms @ webpack-internal:///(app-pages-browser)/./node_modules/.pnpm/next@16.2.1_@babel+core@7.2_362c6897e98f78157a7f59905ed20b55/node_modules/next/dist/next-devtools/shared/forward-logs-shared.js:27
[   18478ms] [LOG] [Fast Refresh] rebuilding @ webpack-internal:///(app-pages-browser)/./node_modules/.pnpm/next@16.2.1_@babel+core@7.2_362c6897e98f78157a7f59905ed20b55/node_modules/next/dist/next-devtools/shared/forward-logs-shared.js:27
[   18540ms] [LOG] [Fast Refresh] done in 62ms @ webpack-internal:///(app-pages-browser)/./node_modules/.pnpm/next@16.2.1_@babel+core@7.2_362c6897e98f78157a7f59905ed20b55/node_modules/next/dist/next-devtools/shared/forward-logs-shared.js:27
[   18668ms] [LOG] [Fast Refresh] rebuilding @ webpack-internal:///(app-pages-browser)/./node_modules/.pnpm/next@16.2.1_@babel+core@7.2_362c6897e98f78157a7f59905ed20b55/node_modules/next/dist/next-devtools/shared/forward-logs-shared.js:27
[   18732ms] [LOG] [Fast Refresh] done in 63ms @ webpack-internal:///(app-pages-browser)/./node_modules/.pnpm/next@16.2.1_@babel+core@7.2_362c6897e98f78157a7f59905ed20b55/node_modules/next/dist/next-devtools/shared/forward-logs-shared.js:27
[   18869ms] [LOG] [Fast Refresh] rebuilding @ webpack-internal:///(app-pages-browser)/./node_modules/.pnpm/next@16.2.1_@babel+core@7.2_362c6897e98f78157a7f59905ed20b55/node_modules/next/dist/next-devtools/shared/forward-logs-shared.js:27
[   18937ms] [LOG] [Fast Refresh] done in 68ms @ webpack-internal:///(app-pages-browser)/./node_modules/.pnpm/next@16.2.1_@babel+core@7.2_362c6897e98f78157a7f59905ed20b55/node_modules/next/dist/next-devtools/shared/forward-logs-shared.js:27
[   19127ms] [LOG] [Fast Refresh] rebuilding @ webpack-internal:///(app-pages-browser)/./node_modules/.pnpm/next@16.2.1_@babel+core@7.2_362c6897e98f78157a7f59905ed20b55/node_modules/next/dist/next-devtools/shared/forward-logs-shared.js:27
[   19197ms] [LOG] [Fast Refresh] done in 70ms @ webpack-internal:///(app-pages-browser)/./node_modules/.pnpm/next@16.2.1_@babel+core@7.2_362c6897e98f78157a7f59905ed20b55/node_modules/next/dist/next-devtools/shared/forward-logs-shared.js:27
[   19331ms] [LOG] [Fast Refresh] rebuilding @ webpack-internal:///(app-pages-browser)/./node_modules/.pnpm/next@16.2.1_@babel+core@7.2_362c6897e98f78157a7f59905ed20b55/node_modules/next/dist/next-devtools/shared/forward-logs-shared.js:27
[   19410ms] [LOG] [Fast Refresh] done in 78ms @ webpack-internal:///(app-pages-browser)/./node_modules/.pnpm/next@16.2.1_@babel+core@7.2_362c6897e98f78157a7f59905ed20b55/node_modules/next/dist/next-devtools/shared/forward-logs-shared.js:27
[   19587ms] [LOG] [Fast Refresh] rebuilding @ webpack-internal:///(app-pages-browser)/./node_modules/.pnpm/next@16.2.1_@babel+core@7.2_362c6897e98f78157a7f59905ed20b55/node_modules/next/dist/next-devtools/shared/forward-logs-shared.js:27
[   19653ms] [LOG] [Fast Refresh] done in 67ms @ webpack-internal:///(app-pages-browser)/./node_modules/.pnpm/next@16.2.1_@babel+core@7.2_362c6897e98f78157a7f59905ed20b55/node_modules/next/dist/next-devtools/shared/forward-logs-shared.js:27
[   19787ms] [LOG] [Fast Refresh] rebuilding @ webpack-internal:///(app-pages-browser)/./node_modules/.pnpm/next@16.2.1_@babel+core@7.2_362c6897e98f78157a7f59905ed20b55/node_modules/next/dist/next-devtools/shared/forward-logs-shared.js:27
[   19846ms] [LOG] [Fast Refresh] done in 60ms @ webpack-internal:///(app-pages-browser)/./node_modules/.pnpm/next@16.2.1_@babel+core@7.2_362c6897e98f78157a7f59905ed20b55/node_modules/next/dist/next-devtools/shared/forward-logs-shared.js:27
[   19980ms] [LOG] [Fast Refresh] rebuilding @ webpack-internal:///(app-pages-browser)/./node_modules/.pnpm/next@16.2.1_@babel+core@7.2_362c6897e98f78157a7f59905ed20b55/node_modules/next/dist/next-devtools/shared/forward-logs-shared.js:27
[   20059ms] [LOG] [Fast Refresh] done in 80ms @ webpack-internal:///(app-pages-browser)/./node_modules/.pnpm/next@16.2.1_@babel+core@7.2_362c6897e98f78157a7f59905ed20b55/node_modules/next/dist/next-devtools/shared/forward-logs-shared.js:27
[   20200ms] [LOG] [Fast Refresh] rebuilding @ webpack-internal:///(app-pages-browser)/./node_modules/.pnpm/next@16.2.1_@babel+core@7.2_362c6897e98f78157a7f59905ed20b55/node_modules/next/dist/next-devtools/shared/forward-logs-shared.js:27
[   20267ms] [LOG] [Fast Refresh] done in 66ms @ webpack-internal:///(app-pages-browser)/./node_modules/.pnpm/next@16.2.1_@babel+core@7.2_362c6897e98f78157a7f59905ed20b55/node_modules/next/dist/next-devtools/shared/forward-logs-shared.js:27
[   20385ms] [LOG] [Fast Refresh] rebuilding @ webpack-internal:///(app-pages-browser)/./node_modules/.pnpm/next@16.2.1_@babel+core@7.2_362c6897e98f78157a7f59905ed20b55/node_modules/next/dist/next-devtools/shared/forward-logs-shared.js:27
[   20456ms] [LOG] [Fast Refresh] done in 72ms @ webpack-internal:///(app-pages-browser)/./node_modules/.pnpm/next@16.2.1_@babel+core@7.2_362c6897e98f78157a7f59905ed20b55/node_modules/next/dist/next-devtools/shared/forward-logs-shared.js:27
[   20590ms] [LOG] [Fast Refresh] rebuilding @ webpack-internal:///(app-pages-browser)/./node_modules/.pnpm/next@16.2.1_@babel+core@7.2_362c6897e98f78157a7f59905ed20b55/node_modules/next/dist/next-devtools/shared/forward-logs-shared.js:27
[   20653ms] [LOG] [Fast Refresh] done in 63ms @ webpack-internal:///(app-pages-browser)/./node_modules/.pnpm/next@16.2.1_@babel+core@7.2_362c6897e98f78157a7f59905ed20b55/node_modules/next/dist/next-devtools/shared/forward-logs-shared.js:27
[   20778ms] [LOG] [Fast Refresh] rebuilding @ webpack-internal:///(app-pages-browser)/./node_modules/.pnpm/next@16.2.1_@babel+core@7.2_362c6897e98f78157a7f59905ed20b55/node_modules/next/dist/next-devtools/shared/forward-logs-shared.js:27
[   20839ms] [LOG] [Fast Refresh] done in 61ms @ webpack-internal:///(app-pages-browser)/./node_modules/.pnpm/next@16.2.1_@babel+core@7.2_362c6897e98f78157a7f59905ed20b55/node_modules/next/dist/next-devtools/shared/forward-logs-shared.js:27
[   20964ms] [LOG] [Fast Refresh] rebuilding @ webpack-internal:///(app-pages-browser)/./node_modules/.pnpm/next@16.2.1_@babel+core@7.2_362c6897e98f78157a7f59905ed20b55/node_modules/next/dist/next-devtools/shared/forward-logs-shared.js:27
[   21035ms] [LOG] [Fast Refresh] done in 70ms @ webpack-internal:///(app-pages-browser)/./node_modules/.pnpm/next@16.2.1_@babel+core@7.2_362c6897e98f78157a7f59905ed20b55/node_modules/next/dist/next-devtools/shared/forward-logs-shared.js:27
[   21172ms] [LOG] [Fast Refresh] rebuilding @ webpack-internal:///(app-pages-browser)/./node_modules/.pnpm/next@16.2.1_@babel+core@7.2_362c6897e98f78157a7f59905ed20b55/node_modules/next/dist/next-devtools/shared/forward-logs-shared.js:27
[   21236ms] [LOG] [Fast Refresh] done in 64ms @ webpack-internal:///(app-pages-browser)/./node_modules/.pnpm/next@16.2.1_@babel+core@7.2_362c6897e98f78157a7f59905ed20b55/node_modules/next/dist/next-devtools/shared/forward-logs-shared.js:27
[   21364ms] [LOG] [Fast Refresh] rebuilding @ webpack-internal:///(app-pages-browser)/./node_modules/.pnpm/next@16.2.1_@babel+core@7.2_362c6897e98f78157a7f59905ed20b55/node_modules/next/dist/next-devtools/shared/forward-logs-shared.js:27
[   21430ms] [LOG] [Fast Refresh] done in 66ms @ webpack-internal:///(app-pages-browser)/./node_modules/.pnpm/next@16.2.1_@babel+core@7.2_362c6897e98f78157a7f59905ed20b55/node_modules/next/dist/next-devtools/shared/forward-logs-shared.js:27
[   21554ms] [LOG] [Fast Refresh] rebuilding @ webpack-internal:///(app-pages-browser)/./node_modules/.pnpm/next@16.2.1_@babel+core@7.2_362c6897e98f78157a7f59905ed20b55/node_modules/next/dist/next-devtools/shared/forward-logs-shared.js:27
[   21678ms] [LOG] [Fast Refresh] done in 124ms @ webpack-internal:///(app-pages-browser)/./node_modules/.pnpm/next@16.2.1_@babel+core@7.2_362c6897e98f78157a7f59905ed20b55/node_modules/next/dist/next-devtools/shared/forward-logs-shared.js:27
[   21769ms] [LOG] [Fast Refresh] rebuilding @ webpack-internal:///(app-pages-browser)/./node_modules/.pnpm/next@16.2.1_@babel+core@7.2_362c6897e98f78157a7f59905ed20b55/node_modules/next/dist/next-devtools/shared/forward-logs-shared.js:27
[   21851ms] [LOG] [Fast Refresh] done in 82ms @ webpack-internal:///(app-pages-browser)/./node_modules/.pnpm/next@16.2.1_@babel+core@7.2_362c6897e98f78157a7f59905ed20b55/node_modules/next/dist/next-devtools/shared/forward-logs-shared.js:27
[   22043ms] [LOG] [Fast Refresh] rebuilding @ webpack-internal:///(app-pages-browser)/./node_modules/.pnpm/next@16.2.1_@babel+core@7.2_362c6897e98f78157a7f59905ed20b55/node_modules/next/dist/next-devtools/shared/forward-logs-shared.js:27
[   22101ms] [LOG] [Fast Refresh] done in 59ms @ webpack-internal:///(app-pages-browser)/./node_modules/.pnpm/next@16.2.1_@babel+core@7.2_362c6897e98f78157a7f59905ed20b55/node_modules/next/dist/next-devtools/shared/forward-logs-shared.js:27
[   22229ms] [LOG] [Fast Refresh] rebuilding @ webpack-internal:///(app-pages-browser)/./node_modules/.pnpm/next@16.2.1_@babel+core@7.2_362c6897e98f78157a7f59905ed20b55/node_modules/next/dist/next-devtools/shared/forward-logs-shared.js:27
[   22299ms] [LOG] [Fast Refresh] done in 70ms @ webpack-internal:///(app-pages-browser)/./node_modules/.pnpm/next@16.2.1_@babel+core@7.2_362c6897e98f78157a7f59905ed20b55/node_modules/next/dist/next-devtools/shared/forward-logs-shared.js:27
[   22424ms] [LOG] [Fast Refresh] rebuilding @ webpack-internal:///(app-pages-browser)/./node_modules/.pnpm/next@16.2.1_@babel+core@7.2_362c6897e98f78157a7f59905ed20b55/node_modules/next/dist/next-devtools/shared/forward-logs-shared.js:27
[   22488ms] [LOG] [Fast Refresh] done in 65ms @ webpack-internal:///(app-pages-browser)/./node_modules/.pnpm/next@16.2.1_@babel+core@7.2_362c6897e98f78157a7f59905ed20b55/node_modules/next/dist/next-devtools/shared/forward-logs-shared.js:27
[   22611ms] [LOG] [Fast Refresh] rebuilding @ webpack-internal:///(app-pages-browser)/./node_modules/.pnpm/next@16.2.1_@babel+core@7.2_362c6897e98f78157a7f59905ed20b55/node_modules/next/dist/next-devtools/shared/forward-logs-shared.js:27
[   22680ms] [LOG] [Fast Refresh] done in 69ms @ webpack-internal:///(app-pages-browser)/./node_modules/.pnpm/next@16.2.1_@babel+core@7.2_362c6897e98f78157a7f59905ed20b55/node_modules/next/dist/next-devtools/shared/forward-logs-shared.js:27
[   22809ms] [LOG] [Fast Refresh] rebuilding @ webpack-internal:///(app-pages-browser)/./node_modules/.pnpm/next@16.2.1_@babel+core@7.2_362c6897e98f78157a7f59905ed20b55/node_modules/next/dist/next-devtools/shared/forward-logs-shared.js:27
[   22879ms] [LOG] [Fast Refresh] done in 69ms @ webpack-internal:///(app-pages-browser)/./node_modules/.pnpm/next@16.2.1_@babel+core@7.2_362c6897e98f78157a7f59905ed20b55/node_modules/next/dist/next-devtools/shared/forward-logs-shared.js:27
[   23012ms] [LOG] [Fast Refresh] rebuilding @ webpack-internal:///(app-pages-browser)/./node_modules/.pnpm/next@16.2.1_@babel+core@7.2_362c6897e98f78157a7f59905ed20b55/node_modules/next/dist/next-devtools/shared/forward-logs-shared.js:27
[   23076ms] [LOG] [Fast Refresh] done in 65ms @ webpack-internal:///(app-pages-browser)/./node_modules/.pnpm/next@16.2.1_@babel+core@7.2_362c6897e98f78157a7f59905ed20b55/node_modules/next/dist/next-devtools/shared/forward-logs-shared.js:27
[   23215ms] [LOG] [Fast Refresh] rebuilding @ webpack-internal:///(app-pages-browser)/./node_modules/.pnpm/next@16.2.1_@babel+core@7.2_362c6897e98f78157a7f59905ed20b55/node_modules/next/dist/next-devtools/shared/forward-logs-shared.js:27
[   23305ms] [LOG] [Fast Refresh] done in 90ms @ webpack-internal:///(app-pages-browser)/./node_modules/.pnpm/next@16.2.1_@babel+core@7.2_362c6897e98f78157a7f59905ed20b55/node_modules/next/dist/next-devtools/shared/forward-logs-shared.js:27
[   23521ms] [LOG] [Fast Refresh] rebuilding @ webpack-internal:///(app-pages-browser)/./node_modules/.pnpm/next@16.2.1_@babel+core@7.2_362c6897e98f78157a7f59905ed20b55/node_modules/next/dist/next-devtools/shared/forward-logs-shared.js:27
[   23605ms] [LOG] [Fast Refresh] done in 84ms @ webpack-internal:///(app-pages-browser)/./node_modules/.pnpm/next@16.2.1_@babel+core@7.2_362c6897e98f78157a7f59905ed20b55/node_modules/next/dist/next-devtools/shared/forward-logs-shared.js:27
[   23784ms] [LOG] [Fast Refresh] rebuilding @ webpack-internal:///(app-pages-browser)/./node_modules/.pnpm/next@16.2.1_@babel+core@7.2_362c6897e98f78157a7f59905ed20b55/node_modules/next/dist/next-devtools/shared/forward-logs-shared.js:27
[   23869ms] [LOG] [Fast Refresh] done in 85ms @ webpack-internal:///(app-pages-browser)/./node_modules/.pnpm/next@16.2.1_@babel+core@7.2_362c6897e98f78157a7f59905ed20b55/node_modules/next/dist/next-devtools/shared/forward-logs-shared.js:27
[   24021ms] [LOG] [Fast Refresh] rebuilding @ webpack-internal:///(app-pages-browser)/./node_modules/.pnpm/next@16.2.1_@babel+core@7.2_362c6897e98f78157a7f59905ed20b55/node_modules/next/dist/next-devtools/shared/forward-logs-shared.js:27
[   24100ms] [LOG] [Fast Refresh] done in 78ms @ webpack-internal:///(app-pages-browser)/./node_modules/.pnpm/next@16.2.1_@babel+core@7.2_362c6897e98f78157a7f59905ed20b55/node_modules/next/dist/next-devtools/shared/forward-logs-shared.js:27
[   24235ms] [LOG] [Fast Refresh] rebuilding @ webpack-internal:///(app-pages-browser)/./node_modules/.pnpm/next@16.2.1_@babel+core@7.2_362c6897e98f78157a7f59905ed20b55/node_modules/next/dist/next-devtools/shared/forward-logs-shared.js:27
[   24314ms] [LOG] [Fast Refresh] done in 80ms @ webpack-internal:///(app-pages-browser)/./node_modules/.pnpm/next@16.2.1_@babel+core@7.2_362c6897e98f78157a7f59905ed20b55/node_modules/next/dist/next-devtools/shared/forward-logs-shared.js:27
[   24460ms] [LOG] [Fast Refresh] rebuilding @ webpack-internal:///(app-pages-browser)/./node_modules/.pnpm/next@16.2.1_@babel+core@7.2_362c6897e98f78157a7f59905ed20b55/node_modules/next/dist/next-devtools/shared/forward-logs-shared.js:27
[   24527ms] [LOG] [Fast Refresh] done in 67ms @ webpack-internal:///(app-pages-browser)/./node_modules/.pnpm/next@16.2.1_@babel+core@7.2_362c6897e98f78157a7f59905ed20b55/node_modules/next/dist/next-devtools/shared/forward-logs-shared.js:27
[   24677ms] [LOG] [Fast Refresh] rebuilding @ webpack-internal:///(app-pages-browser)/./node_modules/.pnpm/next@16.2.1_@babel+core@7.2_362c6897e98f78157a7f59905ed20b55/node_modules/next/dist/next-devtools/shared/forward-logs-shared.js:27
[   24747ms] [LOG] [Fast Refresh] done in 70ms @ webpack-internal:///(app-pages-browser)/./node_modules/.pnpm/next@16.2.1_@babel+core@7.2_362c6897e98f78157a7f59905ed20b55/node_modules/next/dist/next-devtools/shared/forward-logs-shared.js:27
[   24889ms] [LOG] [Fast Refresh] rebuilding @ webpack-internal:///(app-pages-browser)/./node_modules/.pnpm/next@16.2.1_@babel+core@7.2_362c6897e98f78157a7f59905ed20b55/node_modules/next/dist/next-devtools/shared/forward-logs-shared.js:27
[   24957ms] [LOG] [Fast Refresh] done in 69ms @ webpack-internal:///(app-pages-browser)/./node_modules/.pnpm/next@16.2.1_@babel+core@7.2_362c6897e98f78157a7f59905ed20b55/node_modules/next/dist/next-devtools/shared/forward-logs-shared.js:27
[   25095ms] [LOG] [Fast Refresh] rebuilding @ webpack-internal:///(app-pages-browser)/./node_modules/.pnpm/next@16.2.1_@babel+core@7.2_362c6897e98f78157a7f59905ed20b55/node_modules/next/dist/next-devtools/shared/forward-logs-shared.js:27
[   25175ms] [LOG] [Fast Refresh] done in 80ms @ webpack-internal:///(app-pages-browser)/./node_modules/.pnpm/next@16.2.1_@babel+core@7.2_362c6897e98f78157a7f59905ed20b55/node_modules/next/dist/next-devtools/shared/forward-logs-shared.js:27
[   25312ms] [LOG] [Fast Refresh] rebuilding @ webpack-internal:///(app-pages-browser)/./node_modules/.pnpm/next@16.2.1_@babel+core@7.2_362c6897e98f78157a7f59905ed20b55/node_modules/next/dist/next-devtools/shared/forward-logs-shared.js:27
[   25382ms] [LOG] [Fast Refresh] done in 71ms @ webpack-internal:///(app-pages-browser)/./node_modules/.pnpm/next@16.2.1_@babel+core@7.2_362c6897e98f78157a7f59905ed20b55/node_modules/next/dist/next-devtools/shared/forward-logs-shared.js:27
[   25533ms] [LOG] [Fast Refresh] rebuilding @ webpack-internal:///(app-pages-browser)/./node_modules/.pnpm/next@16.2.1_@babel+core@7.2_362c6897e98f78157a7f59905ed20b55/node_modules/next/dist/next-devtools/shared/forward-logs-shared.js:27
[   25627ms] [LOG] [Fast Refresh] done in 94ms @ webpack-internal:///(app-pages-browser)/./node_modules/.pnpm/next@16.2.1_@babel+core@7.2_362c6897e98f78157a7f59905ed20b55/node_modules/next/dist/next-devtools/shared/forward-logs-shared.js:27
[   25771ms] [LOG] [Fast Refresh] rebuilding @ webpack-internal:///(app-pages-browser)/./node_modules/.pnpm/next@16.2.1_@babel+core@7.2_362c6897e98f78157a7f59905ed20b55/node_modules/next/dist/next-devtools/shared/forward-logs-shared.js:27
[   25856ms] [LOG] [Fast Refresh] done in 85ms @ webpack-internal:///(app-pages-browser)/./node_modules/.pnpm/next@16.2.1_@babel+core@7.2_362c6897e98f78157a7f59905ed20b55/node_modules/next/dist/next-devtools/shared/forward-logs-shared.js:27
[   26000ms] [LOG] [Fast Refresh] rebuilding @ webpack-internal:///(app-pages-browser)/./node_modules/.pnpm/next@16.2.1_@babel+core@7.2_362c6897e98f78157a7f59905ed20b55/node_modules/next/dist/next-devtools/shared/forward-logs-shared.js:27
[   26071ms] [LOG] [Fast Refresh] done in 70ms @ webpack-internal:///(app-pages-browser)/./node_modules/.pnpm/next@16.2.1_@babel+core@7.2_362c6897e98f78157a7f59905ed20b55/node_modules/next/dist/next-devtools/shared/forward-logs-shared.js:27
[   26280ms] [LOG] [Fast Refresh] rebuilding @ webpack-internal:///(app-pages-browser)/./node_modules/.pnpm/next@16.2.1_@babel+core@7.2_362c6897e98f78157a7f59905ed20b55/node_modules/next/dist/next-devtools/shared/forward-logs-shared.js:27
[   26370ms] [LOG] [Fast Refresh] done in 90ms @ webpack-internal:///(app-pages-browser)/./node_modules/.pnpm/next@16.2.1_@babel+core@7.2_362c6897e98f78157a7f59905ed20b55/node_modules/next/dist/next-devtools/shared/forward-logs-shared.js:27
[   26592ms] [LOG] [Fast Refresh] rebuilding @ webpack-internal:///(app-pages-browser)/./node_modules/.pnpm/next@16.2.1_@babel+core@7.2_362c6897e98f78157a7f59905ed20b55/node_modules/next/dist/next-devtools/shared/forward-logs-shared.js:27
[   26690ms] [LOG] [Fast Refresh] done in 99ms @ webpack-internal:///(app-pages-browser)/./node_modules/.pnpm/next@16.2.1_@babel+core@7.2_362c6897e98f78157a7f59905ed20b55/node_modules/next/dist/next-devtools/shared/forward-logs-shared.js:27
[   26865ms] [LOG] [Fast Refresh] rebuilding @ webpack-internal:///(app-pages-browser)/./node_modules/.pnpm/next@16.2.1_@babel+core@7.2_362c6897e98f78157a7f59905ed20b55/node_modules/next/dist/next-devtools/shared/forward-logs-shared.js:27
[   26935ms] [LOG] [Fast Refresh] done in 69ms @ webpack-internal:///(app-pages-browser)/./node_modules/.pnpm/next@16.2.1_@babel+core@7.2_362c6897e98f78157a7f59905ed20b55/node_modules/next/dist/next-devtools/shared/forward-logs-shared.js:27
[   27134ms] [LOG] [Fast Refresh] rebuilding @ webpack-internal:///(app-pages-browser)/./node_modules/.pnpm/next@16.2.1_@babel+core@7.2_362c6897e98f78157a7f59905ed20b55/node_modules/next/dist/next-devtools/shared/forward-logs-shared.js:27
[   27292ms] [LOG] [Fast Refresh] done in 157ms @ webpack-internal:///(app-pages-browser)/./node_modules/.pnpm/next@16.2.1_@babel+core@7.2_362c6897e98f78157a7f59905ed20b55/node_modules/next/dist/next-devtools/shared/forward-logs-shared.js:27
[   27475ms] [LOG] [Fast Refresh] rebuilding @ webpack-internal:///(app-pages-browser)/./node_modules/.pnpm/next@16.2.1_@babel+core@7.2_362c6897e98f78157a7f59905ed20b55/node_modules/next/dist/next-devtools/shared/forward-logs-shared.js:27
[   27589ms] [LOG] [Fast Refresh] done in 115ms @ webpack-internal:///(app-pages-browser)/./node_modules/.pnpm/next@16.2.1_@babel+core@7.2_362c6897e98f78157a7f59905ed20b55/node_modules/next/dist/next-devtools/shared/forward-logs-shared.js:27
[   27754ms] [LOG] [Fast Refresh] rebuilding @ webpack-internal:///(app-pages-browser)/./node_modules/.pnpm/next@16.2.1_@babel+core@7.2_362c6897e98f78157a7f59905ed20b55/node_modules/next/dist/next-devtools/shared/forward-logs-shared.js:27
[   27846ms] [LOG] [Fast Refresh] done in 93ms @ webpack-internal:///(app-pages-browser)/./node_modules/.pnpm/next@16.2.1_@babel+core@7.2_362c6897e98f78157a7f59905ed20b55/node_modules/next/dist/next-devtools/shared/forward-logs-shared.js:27
[   28029ms] [LOG] [Fast Refresh] rebuilding @ webpack-internal:///(app-pages-browser)/./node_modules/.pnpm/next@16.2.1_@babel+core@7.2_362c6897e98f78157a7f59905ed20b55/node_modules/next/dist/next-devtools/shared/forward-logs-shared.js:27
[   28108ms] [LOG] [Fast Refresh] done in 80ms @ webpack-internal:///(app-pages-browser)/./node_modules/.pnpm/next@16.2.1_@babel+core@7.2_362c6897e98f78157a7f59905ed20b55/node_modules/next/dist/next-devtools/shared/forward-logs-shared.js:27
[   28317ms] [LOG] [Fast Refresh] rebuilding @ webpack-internal:///(app-pages-browser)/./node_modules/.pnpm/next@16.2.1_@babel+core@7.2_362c6897e98f78157a7f59905ed20b55/node_modules/next/dist/next-devtools/shared/forward-logs-shared.js:27
[   28408ms] [LOG] [Fast Refresh] done in 92ms @ webpack-internal:///(app-pages-browser)/./node_modules/.pnpm/next@16.2.1_@babel+core@7.2_362c6897e98f78157a7f59905ed20b55/node_modules/next/dist/next-devtools/shared/forward-logs-shared.js:27
[   28598ms] [LOG] [Fast Refresh] rebuilding @ webpack-internal:///(app-pages-browser)/./node_modules/.pnpm/next@16.2.1_@babel+core@7.2_362c6897e98f78157a7f59905ed20b55/node_modules/next/dist/next-devtools/shared/forward-logs-shared.js:27
[   28697ms] [LOG] [Fast Refresh] done in 98ms @ webpack-internal:///(app-pages-browser)/./node_modules/.pnpm/next@16.2.1_@babel+core@7.2_362c6897e98f78157a7f59905ed20b55/node_modules/next/dist/next-devtools/shared/forward-logs-shared.js:27
[   28862ms] [LOG] [Fast Refresh] rebuilding @ webpack-internal:///(app-pages-browser)/./node_modules/.pnpm/next@16.2.1_@babel+core@7.2_362c6897e98f78157a7f59905ed20b55/node_modules/next/dist/next-devtools/shared/forward-logs-shared.js:27
[   28952ms] [LOG] [Fast Refresh] done in 90ms @ webpack-internal:///(app-pages-browser)/./node_modules/.pnpm/next@16.2.1_@babel+core@7.2_362c6897e98f78157a7f59905ed20b55/node_modules/next/dist/next-devtools/shared/forward-logs-shared.js:27
[   29106ms] [LOG] [Fast Refresh] rebuilding @ webpack-internal:///(app-pages-browser)/./node_modules/.pnpm/next@16.2.1_@babel+core@7.2_362c6897e98f78157a7f59905ed20b55/node_modules/next/dist/next-devtools/shared/forward-logs-shared.js:27
[   29242ms] [LOG] [Fast Refresh] done in 135ms @ webpack-internal:///(app-pages-browser)/./node_modules/.pnpm/next@16.2.1_@babel+core@7.2_362c6897e98f78157a7f59905ed20b55/node_modules/next/dist/next-devtools/shared/forward-logs-shared.js:27
[   29421ms] [LOG] [Fast Refresh] rebuilding @ webpack-internal:///(app-pages-browser)/./node_modules/.pnpm/next@16.2.1_@babel+core@7.2_362c6897e98f78157a7f59905ed20b55/node_modules/next/dist/next-devtools/shared/forward-logs-shared.js:27
[   29517ms] [LOG] [Fast Refresh] done in 96ms @ webpack-internal:///(app-pages-browser)/./node_modules/.pnpm/next@16.2.1_@babel+core@7.2_362c6897e98f78157a7f59905ed20b55/node_modules/next/dist/next-devtools/shared/forward-logs-shared.js:27
[   29710ms] [LOG] [Fast Refresh] rebuilding @ webpack-internal:///(app-pages-browser)/./node_modules/.pnpm/next@16.2.1_@babel+core@7.2_362c6897e98f78157a7f59905ed20b55/node_modules/next/dist/next-devtools/shared/forward-logs-shared.js:27
[   29804ms] [LOG] [Fast Refresh] done in 95ms @ webpack-internal:///(app-pages-browser)/./node_modules/.pnpm/next@16.2.1_@babel+core@7.2_362c6897e98f78157a7f59905ed20b55/node_modules/next/dist/next-devtools/shared/forward-logs-shared.js:27
[   29978ms] [LOG] [Fast Refresh] rebuilding @ webpack-internal:///(app-pages-browser)/./node_modules/.pnpm/next@16.2.1_@babel+core@7.2_362c6897e98f78157a7f59905ed20b55/node_modules/next/dist/next-devtools/shared/forward-logs-shared.js:27
[   30088ms] [LOG] [Fast Refresh] done in 111ms @ webpack-internal:///(app-pages-browser)/./node_modules/.pnpm/next@16.2.1_@babel+core@7.2_362c6897e98f78157a7f59905ed20b55/node_modules/next/dist/next-devtools/shared/forward-logs-shared.js:27
[   30314ms] [LOG] [Fast Refresh] rebuilding @ webpack-internal:///(app-pages-browser)/./node_modules/.pnpm/next@16.2.1_@babel+core@7.2_362c6897e98f78157a7f59905ed20b55/node_modules/next/dist/next-devtools/shared/forward-logs-shared.js:27
[   30416ms] [LOG] [Fast Refresh] done in 103ms @ webpack-internal:///(app-pages-browser)/./node_modules/.pnpm/next@16.2.1_@babel+core@7.2_362c6897e98f78157a7f59905ed20b55/node_modules/next/dist/next-devtools/shared/forward-logs-shared.js:27
[   30618ms] [LOG] [Fast Refresh] rebuilding @ webpack-internal:///(app-pages-browser)/./node_modules/.pnpm/next@16.2.1_@babel+core@7.2_362c6897e98f78157a7f59905ed20b55/node_modules/next/dist/next-devtools/shared/forward-logs-shared.js:27
[   30735ms] [LOG] [Fast Refresh] done in 116ms @ webpack-internal:///(app-pages-browser)/./node_modules/.pnpm/next@16.2.1_@babel+core@7.2_362c6897e98f78157a7f59905ed20b55/node_modules/next/dist/next-devtools/shared/forward-logs-shared.js:27
[   31136ms] [LOG] [Fast Refresh] rebuilding @ webpack-internal:///(app-pages-browser)/./node_modules/.pnpm/next@16.2.1_@babel+core@7.2_362c6897e98f78157a7f59905ed20b55/node_modules/next/dist/next-devtools/shared/forward-logs-shared.js:27
[   31250ms] [LOG] [Fast Refresh] done in 114ms @ webpack-internal:///(app-pages-browser)/./node_modules/.pnpm/next@16.2.1_@babel+core@7.2_362c6897e98f78157a7f59905ed20b55/node_modules/next/dist/next-devtools/shared/forward-logs-shared.js:27
[   31474ms] [LOG] [Fast Refresh] rebuilding @ webpack-internal:///(app-pages-browser)/./node_modules/.pnpm/next@16.2.1_@babel+core@7.2_362c6897e98f78157a7f59905ed20b55/node_modules/next/dist/next-devtools/shared/forward-logs-shared.js:27
[   31578ms] [LOG] [Fast Refresh] done in 103ms @ webpack-internal:///(app-pages-browser)/./node_modules/.pnpm/next@16.2.1_@babel+core@7.2_362c6897e98f78157a7f59905ed20b55/node_modules/next/dist/next-devtools/shared/forward-logs-shared.js:27
[   31805ms] [LOG] [Fast Refresh] rebuilding @ webpack-internal:///(app-pages-browser)/./node_modules/.pnpm/next@16.2.1_@babel+core@7.2_362c6897e98f78157a7f59905ed20b55/node_modules/next/dist/next-devtools/shared/forward-logs-shared.js:27
[   31897ms] [LOG] [Fast Refresh] done in 93ms @ webpack-internal:///(app-pages-browser)/./node_modules/.pnpm/next@16.2.1_@babel+core@7.2_362c6897e98f78157a7f59905ed20b55/node_modules/next/dist/next-devtools/shared/forward-logs-shared.js:27
[   32101ms] [LOG] [Fast Refresh] rebuilding @ webpack-internal:///(app-pages-browser)/./node_modules/.pnpm/next@16.2.1_@babel+core@7.2_362c6897e98f78157a7f59905ed20b55/node_modules/next/dist/next-devtools/shared/forward-logs-shared.js:27
[   32253ms] [LOG] [Fast Refresh] done in 152ms @ webpack-internal:///(app-pages-browser)/./node_modules/.pnpm/next@16.2.1_@babel+core@7.2_362c6897e98f78157a7f59905ed20b55/node_modules/next/dist/next-devtools/shared/forward-logs-shared.js:27
[   32388ms] [LOG] [Fast Refresh] rebuilding @ webpack-internal:///(app-pages-browser)/./node_modules/.pnpm/next@16.2.1_@babel+core@7.2_362c6897e98f78157a7f59905ed20b55/node_modules/next/dist/next-devtools/shared/forward-logs-shared.js:27
[   32474ms] [LOG] [Fast Refresh] done in 86ms @ webpack-internal:///(app-pages-browser)/./node_modules/.pnpm/next@16.2.1_@babel+core@7.2_362c6897e98f78157a7f59905ed20b55/node_modules/next/dist/next-devtools/shared/forward-logs-shared.js:27
[   32696ms] [LOG] [Fast Refresh] rebuilding @ webpack-internal:///(app-pages-browser)/./node_modules/.pnpm/next@16.2.1_@babel+core@7.2_362c6897e98f78157a7f59905ed20b55/node_modules/next/dist/next-devtools/shared/forward-logs-shared.js:27
[   32806ms] [LOG] [Fast Refresh] done in 110ms @ webpack-internal:///(app-pages-browser)/./node_modules/.pnpm/next@16.2.1_@babel+core@7.2_362c6897e98f78157a7f59905ed20b55/node_modules/next/dist/next-devtools/shared/forward-logs-shared.js:27
[   32988ms] [LOG] [Fast Refresh] rebuilding @ webpack-internal:///(app-pages-browser)/./node_modules/.pnpm/next@16.2.1_@babel+core@7.2_362c6897e98f78157a7f59905ed20b55/node_modules/next/dist/next-devtools/shared/forward-logs-shared.js:27
[   33072ms] [LOG] [Fast Refresh] done in 84ms @ webpack-internal:///(app-pages-browser)/./node_modules/.pnpm/next@16.2.1_@babel+core@7.2_362c6897e98f78157a7f59905ed20b55/node_modules/next/dist/next-devtools/shared/forward-logs-shared.js:27
[   33274ms] [LOG] [Fast Refresh] rebuilding @ webpack-internal:///(app-pages-browser)/./node_modules/.pnpm/next@16.2.1_@babel+core@7.2_362c6897e98f78157a7f59905ed20b55/node_modules/next/dist/next-devtools/shared/forward-logs-shared.js:27
[   33433ms] [LOG] [Fast Refresh] done in 158ms @ webpack-internal:///(app-pages-browser)/./node_modules/.pnpm/next@16.2.1_@babel+core@7.2_362c6897e98f78157a7f59905ed20b55/node_modules/next/dist/next-devtools/shared/forward-logs-shared.js:27
[   33605ms] [LOG] [Fast Refresh] rebuilding @ webpack-internal:///(app-pages-browser)/./node_modules/.pnpm/next@16.2.1_@babel+core@7.2_362c6897e98f78157a7f59905ed20b55/node_modules/next/dist/next-devtools/shared/forward-logs-shared.js:27
[   33713ms] [LOG] [Fast Refresh] done in 108ms @ webpack-internal:///(app-pages-browser)/./node_modules/.pnpm/next@16.2.1_@babel+core@7.2_362c6897e98f78157a7f59905ed20b55/node_modules/next/dist/next-devtools/shared/forward-logs-shared.js:27
[   33920ms] [LOG] [Fast Refresh] rebuilding @ webpack-internal:///(app-pages-browser)/./node_modules/.pnpm/next@16.2.1_@babel+core@7.2_362c6897e98f78157a7f59905ed20b55/node_modules/next/dist/next-devtools/shared/forward-logs-shared.js:27
[   34015ms] [LOG] [Fast Refresh] done in 95ms @ webpack-internal:///(app-pages-browser)/./node_modules/.pnpm/next@16.2.1_@babel+core@7.2_362c6897e98f78157a7f59905ed20b55/node_modules/next/dist/next-devtools/shared/forward-logs-shared.js:27
[   34217ms] [LOG] [Fast Refresh] rebuilding @ webpack-internal:///(app-pages-browser)/./node_modules/.pnpm/next@16.2.1_@babel+core@7.2_362c6897e98f78157a7f59905ed20b55/node_modules/next/dist/next-devtools/shared/forward-logs-shared.js:27
[   34315ms] [LOG] [Fast Refresh] done in 97ms @ webpack-internal:///(app-pages-browser)/./node_modules/.pnpm/next@16.2.1_@babel+core@7.2_362c6897e98f78157a7f59905ed20b55/node_modules/next/dist/next-devtools/shared/forward-logs-shared.js:27
[   34507ms] [LOG] [Fast Refresh] rebuilding @ webpack-internal:///(app-pages-browser)/./node_modules/.pnpm/next@16.2.1_@babel+core@7.2_362c6897e98f78157a7f59905ed20b55/node_modules/next/dist/next-devtools/shared/forward-logs-shared.js:27
