[     968ms] [INFO] %cDownload the React DevTools for a better development experience: https://react.dev/link/react-devtools font-weight:bold @ webpack-internal:///(app-pages-browser)/./node_modules/.pnpm/next@16.2.1_@babel+core@7.2_362c6897e98f78157a7f59905ed20b55/node_modules/next/dist/next-devtools/shared/forward-logs-shared.js:27
[    1121ms] [LOG] [HMR] connected @ webpack-internal:///(app-pages-browser)/./node_modules/.pnpm/next@16.2.1_@babel+core@7.2_362c6897e98f78157a7f59905ed20b55/node_modules/next/dist/next-devtools/shared/forward-logs-shared.js:27
[    1253ms] [ERROR] Failed to load resource: the server responded with a status of 404 (Not Found) @ http://localhost:3000/favicon.ico:0
[    1975ms] [LOG] [Fast Refresh] rebuilding @ webpack-internal:///(app-pages-browser)/./node_modules/.pnpm/next@16.2.1_@babel+core@7.2_362c6897e98f78157a7f59905ed20b55/node_modules/next/dist/next-devtools/shared/forward-logs-shared.js:27
[    2232ms] [LOG] [Fast Refresh] done in 257ms @ webpack-internal:///(app-pages-browser)/./node_modules/.pnpm/next@16.2.1_@babel+core@7.2_362c6897e98f78157a7f59905ed20b55/node_modules/next/dist/next-devtools/shared/forward-logs-shared.js:27
[    2481ms] [LOG] [Fast Refresh] rebuilding @ webpack-internal:///(app-pages-browser)/./node_modules/.pnpm/next@16.2.1_@babel+core@7.2_362c6897e98f78157a7f59905ed20b55/node_modules/next/dist/next-devtools/shared/forward-logs-shared.js:27
[    2602ms] [LOG] [Fast Refresh] done in 121ms @ webpack-internal:///(app-pages-browser)/./node_modules/.pnpm/next@16.2.1_@babel+core@7.2_362c6897e98f78157a7f59905ed20b55/node_modules/next/dist/next-devtools/shared/forward-logs-shared.js:27
[    2848ms] [LOG] [Fast Refresh] rebuilding @ webpack-internal:///(app-pages-browser)/./node_modules/.pnpm/next@16.2.1_@babel+core@7.2_362c6897e98f78157a7f59905ed20b55/node_modules/next/dist/next-devtools/shared/forward-logs-shared.js:27
[    2956ms] [LOG] [Fast Refresh] done in 108ms @ webpack-internal:///(app-pages-browser)/./node_modules/.pnpm/next@16.2.1_@babel+core@7.2_362c6897e98f78157a7f59905ed20b55/node_modules/next/dist/next-devtools/shared/forward-logs-shared.js:27
[    3172ms] [LOG] [Fast Refresh] rebuilding @ webpack-internal:///(app-pages-browser)/./node_modules/.pnpm/next@16.2.1_@babel+core@7.2_362c6897e98f78157a7f59905ed20b55/node_modules/next/dist/next-devtools/shared/forward-logs-shared.js:27
[    3282ms] [LOG] [Fast Refresh] done in 110ms @ webpack-internal:///(app-pages-browser)/./node_modules/.pnpm/next@16.2.1_@babel+core@7.2_362c6897e98f78157a7f59905ed20b55/node_modules/next/dist/next-devtools/shared/forward-logs-shared.js:27
[    3548ms] [LOG] [Fast Refresh] rebuilding @ webpack-internal:///(app-pages-browser)/./node_modules/.pnpm/next@16.2.1_@babel+core@7.2_362c6897e98f78157a7f59905ed20b55/node_modules/next/dist/next-devtools/shared/forward-logs-shared.js:27
[    3638ms] [LOG] [Fast Refresh] done in 89ms @ webpack-internal:///(app-pages-browser)/./node_modules/.pnpm/next@16.2.1_@babel+core@7.2_362c6897e98f78157a7f59905ed20b55/node_modules/next/dist/next-devtools/shared/forward-logs-shared.js:27
[    3869ms] [LOG] [Fast Refresh] rebuilding @ webpack-internal:///(app-pages-browser)/./node_modules/.pnpm/next@16.2.1_@babel+core@7.2_362c6897e98f78157a7f59905ed20b55/node_modules/next/dist/next-devtools/shared/forward-logs-shared.js:27
[    4011ms] [LOG] [Fast Refresh] done in 142ms @ webpack-internal:///(app-pages-browser)/./node_modules/.pnpm/next@16.2.1_@babel+core@7.2_362c6897e98f78157a7f59905ed20b55/node_modules/next/dist/next-devtools/shared/forward-logs-shared.js:27
[    4252ms] [LOG] [Fast Refresh] rebuilding @ webpack-internal:///(app-pages-browser)/./node_modules/.pnpm/next@16.2.1_@babel+core@7.2_362c6897e98f78157a7f59905ed20b55/node_modules/next/dist/next-devtools/shared/forward-logs-shared.js:27
[    4341ms] [LOG] [Fast Refresh] done in 88ms @ webpack-internal:///(app-pages-browser)/./node_modules/.pnpm/next@16.2.1_@babel+core@7.2_362c6897e98f78157a7f59905ed20b55/node_modules/next/dist/next-devtools/shared/forward-logs-shared.js:27
[    4570ms] [LOG] [Fast Refresh] rebuilding @ webpack-internal:///(app-pages-browser)/./node_modules/.pnpm/next@16.2.1_@babel+core@7.2_362c6897e98f78157a7f59905ed20b55/node_modules/next/dist/next-devtools/shared/forward-logs-shared.js:27
[    4680ms] [LOG] [Fast Refresh] done in 110ms @ webpack-internal:///(app-pages-browser)/./node_modules/.pnpm/next@16.2.1_@babel+core@7.2_362c6897e98f78157a7f59905ed20b55/node_modules/next/dist/next-devtools/shared/forward-logs-shared.js:27
[    4899ms] [LOG] [Fast Refresh] rebuilding @ webpack-internal:///(app-pages-browser)/./node_modules/.pnpm/next@16.2.1_@babel+core@7.2_362c6897e98f78157a7f59905ed20b55/node_modules/next/dist/next-devtools/shared/forward-logs-shared.js:27
[    5005ms] [LOG] [Fast Refresh] done in 106ms @ webpack-internal:///(app-pages-browser)/./node_modules/.pnpm/next@16.2.1_@babel+core@7.2_362c6897e98f78157a7f59905ed20b55/node_modules/next/dist/next-devtools/shared/forward-logs-shared.js:27
[    5228ms] [LOG] [Fast Refresh] rebuilding @ webpack-internal:///(app-pages-browser)/./node_modules/.pnpm/next@16.2.1_@babel+core@7.2_362c6897e98f78157a7f59905ed20b55/node_modules/next/dist/next-devtools/shared/forward-logs-shared.js:27
[    5304ms] [LOG] [Fast Refresh] done in 76ms @ webpack-internal:///(app-pages-browser)/./node_modules/.pnpm/next@16.2.1_@babel+core@7.2_362c6897e98f78157a7f59905ed20b55/node_modules/next/dist/next-devtools/shared/forward-logs-shared.js:27
[    5550ms] [LOG] [Fast Refresh] rebuilding @ webpack-internal:///(app-pages-browser)/./node_modules/.pnpm/next@16.2.1_@babel+core@7.2_362c6897e98f78157a7f59905ed20b55/node_modules/next/dist/next-devtools/shared/forward-logs-shared.js:27
[    5688ms] [LOG] [Fast Refresh] done in 137ms @ webpack-internal:///(app-pages-browser)/./node_modules/.pnpm/next@16.2.1_@babel+core@7.2_362c6897e98f78157a7f59905ed20b55/node_modules/next/dist/next-devtools/shared/forward-logs-shared.js:27
[    5831ms] [LOG] [Fast Refresh] rebuilding @ webpack-internal:///(app-pages-browser)/./node_modules/.pnpm/next@16.2.1_@babel+core@7.2_362c6897e98f78157a7f59905ed20b55/node_modules/next/dist/next-devtools/shared/forward-logs-shared.js:27
[    5910ms] [LOG] [Fast Refresh] done in 78ms @ webpack-internal:///(app-pages-browser)/./node_modules/.pnpm/next@16.2.1_@babel+core@7.2_362c6897e98f78157a7f59905ed20b55/node_modules/next/dist/next-devtools/shared/forward-logs-shared.js:27
[    6132ms] [LOG] [Fast Refresh] rebuilding @ webpack-internal:///(app-pages-browser)/./node_modules/.pnpm/next@16.2.1_@babel+core@7.2_362c6897e98f78157a7f59905ed20b55/node_modules/next/dist/next-devtools/shared/forward-logs-shared.js:27
[    6257ms] [LOG] [Fast Refresh] done in 125ms @ webpack-internal:///(app-pages-browser)/./node_modules/.pnpm/next@16.2.1_@babel+core@7.2_362c6897e98f78157a7f59905ed20b55/node_modules/next/dist/next-devtools/shared/forward-logs-shared.js:27
[    8243ms] [INFO] %cDownload the React DevTools for a better development experience: https://react.dev/link/react-devtools font-weight:bold @ webpack-internal:///(app-pages-browser)/./node_modules/.pnpm/next@16.2.1_@babel+core@7.2_362c6897e98f78157a7f59905ed20b55/node_modules/next/dist/next-devtools/shared/forward-logs-shared.js:27
[    8346ms] [LOG] [HMR] connected @ webpack-internal:///(app-pages-browser)/./node_modules/.pnpm/next@16.2.1_@babel+core@7.2_362c6897e98f78157a7f59905ed20b55/node_modules/next/dist/next-devtools/shared/forward-logs-shared.js:27
[    9096ms] [LOG] [Fast Refresh] rebuilding @ webpack-internal:///(app-pages-browser)/./node_modules/.pnpm/next@16.2.1_@babel+core@7.2_362c6897e98f78157a7f59905ed20b55/node_modules/next/dist/next-devtools/shared/forward-logs-shared.js:27
[    9446ms] [LOG] [Fast Refresh] done in 350ms @ webpack-internal:///(app-pages-browser)/./node_modules/.pnpm/next@16.2.1_@babel+core@7.2_362c6897e98f78157a7f59905ed20b55/node_modules/next/dist/next-devtools/shared/forward-logs-shared.js:27
[    9460ms] [LOG] [Fast Refresh] rebuilding @ webpack-internal:///(app-pages-browser)/./node_modules/.pnpm/next@16.2.1_@babel+core@7.2_362c6897e98f78157a7f59905ed20b55/node_modules/next/dist/next-devtools/shared/forward-logs-shared.js:27
[    9562ms] [LOG] [Fast Refresh] done in 102ms @ webpack-internal:///(app-pages-browser)/./node_modules/.pnpm/next@16.2.1_@babel+core@7.2_362c6897e98f78157a7f59905ed20b55/node_modules/next/dist/next-devtools/shared/forward-logs-shared.js:27
[    9792ms] [LOG] [Fast Refresh] rebuilding @ webpack-internal:///(app-pages-browser)/./node_modules/.pnpm/next@16.2.1_@babel+core@7.2_362c6897e98f78157a7f59905ed20b55/node_modules/next/dist/next-devtools/shared/forward-logs-shared.js:27
[    9876ms] [LOG] [Fast Refresh] done in 83ms @ webpack-internal:///(app-pages-browser)/./node_modules/.pnpm/next@16.2.1_@babel+core@7.2_362c6897e98f78157a7f59905ed20b55/node_modules/next/dist/next-devtools/shared/forward-logs-shared.js:27
[   10076ms] [LOG] [Fast Refresh] rebuilding @ webpack-internal:///(app-pages-browser)/./node_modules/.pnpm/next@16.2.1_@babel+core@7.2_362c6897e98f78157a7f59905ed20b55/node_modules/next/dist/next-devtools/shared/forward-logs-shared.js:27
[   10157ms] [LOG] [Fast Refresh] done in 82ms @ webpack-internal:///(app-pages-browser)/./node_modules/.pnpm/next@16.2.1_@babel+core@7.2_362c6897e98f78157a7f59905ed20b55/node_modules/next/dist/next-devtools/shared/forward-logs-shared.js:27
[   10371ms] [LOG] [Fast Refresh] rebuilding @ webpack-internal:///(app-pages-browser)/./node_modules/.pnpm/next@16.2.1_@babel+core@7.2_362c6897e98f78157a7f59905ed20b55/node_modules/next/dist/next-devtools/shared/forward-logs-shared.js:27
[   10447ms] [LOG] [Fast Refresh] done in 75ms @ webpack-internal:///(app-pages-browser)/./node_modules/.pnpm/next@16.2.1_@babel+core@7.2_362c6897e98f78157a7f59905ed20b55/node_modules/next/dist/next-devtools/shared/forward-logs-shared.js:27
[   10667ms] [LOG] [Fast Refresh] rebuilding @ webpack-internal:///(app-pages-browser)/./node_modules/.pnpm/next@16.2.1_@babel+core@7.2_362c6897e98f78157a7f59905ed20b55/node_modules/next/dist/next-devtools/shared/forward-logs-shared.js:27
[   10749ms] [LOG] [Fast Refresh] done in 81ms @ webpack-internal:///(app-pages-browser)/./node_modules/.pnpm/next@16.2.1_@babel+core@7.2_362c6897e98f78157a7f59905ed20b55/node_modules/next/dist/next-devtools/shared/forward-logs-shared.js:27
[   11003ms] [LOG] [Fast Refresh] rebuilding @ webpack-internal:///(app-pages-browser)/./node_modules/.pnpm/next@16.2.1_@babel+core@7.2_362c6897e98f78157a7f59905ed20b55/node_modules/next/dist/next-devtools/shared/forward-logs-shared.js:27
[   11095ms] [LOG] [Fast Refresh] done in 92ms @ webpack-internal:///(app-pages-browser)/./node_modules/.pnpm/next@16.2.1_@babel+core@7.2_362c6897e98f78157a7f59905ed20b55/node_modules/next/dist/next-devtools/shared/forward-logs-shared.js:27
[   11342ms] [LOG] [Fast Refresh] rebuilding @ webpack-internal:///(app-pages-browser)/./node_modules/.pnpm/next@16.2.1_@babel+core@7.2_362c6897e98f78157a7f59905ed20b55/node_modules/next/dist/next-devtools/shared/forward-logs-shared.js:27
[   11433ms] [LOG] [Fast Refresh] done in 91ms @ webpack-internal:///(app-pages-browser)/./node_modules/.pnpm/next@16.2.1_@babel+core@7.2_362c6897e98f78157a7f59905ed20b55/node_modules/next/dist/next-devtools/shared/forward-logs-shared.js:27
[   11655ms] [LOG] [Fast Refresh] rebuilding @ webpack-internal:///(app-pages-browser)/./node_modules/.pnpm/next@16.2.1_@babel+core@7.2_362c6897e98f78157a7f59905ed20b55/node_modules/next/dist/next-devtools/shared/forward-logs-shared.js:27
[   11743ms] [LOG] [Fast Refresh] done in 88ms @ webpack-internal:///(app-pages-browser)/./node_modules/.pnpm/next@16.2.1_@babel+core@7.2_362c6897e98f78157a7f59905ed20b55/node_modules/next/dist/next-devtools/shared/forward-logs-shared.js:27
[   11978ms] [LOG] [Fast Refresh] rebuilding @ webpack-internal:///(app-pages-browser)/./node_modules/.pnpm/next@16.2.1_@babel+core@7.2_362c6897e98f78157a7f59905ed20b55/node_modules/next/dist/next-devtools/shared/forward-logs-shared.js:27
[   12055ms] [LOG] [Fast Refresh] done in 77ms @ webpack-internal:///(app-pages-browser)/./node_modules/.pnpm/next@16.2.1_@babel+core@7.2_362c6897e98f78157a7f59905ed20b55/node_modules/next/dist/next-devtools/shared/forward-logs-shared.js:27
[   12266ms] [LOG] [Fast Refresh] rebuilding @ webpack-internal:///(app-pages-browser)/./node_modules/.pnpm/next@16.2.1_@babel+core@7.2_362c6897e98f78157a7f59905ed20b55/node_modules/next/dist/next-devtools/shared/forward-logs-shared.js:27
[   12342ms] [LOG] [Fast Refresh] done in 76ms @ webpack-internal:///(app-pages-browser)/./node_modules/.pnpm/next@16.2.1_@babel+core@7.2_362c6897e98f78157a7f59905ed20b55/node_modules/next/dist/next-devtools/shared/forward-logs-shared.js:27
[   14287ms] [INFO] %cDownload the React DevTools for a better development experience: https://react.dev/link/react-devtools font-weight:bold @ webpack-internal:///(app-pages-browser)/./node_modules/.pnpm/next@16.2.1_@babel+core@7.2_362c6897e98f78157a7f59905ed20b55/node_modules/next/dist/next-devtools/shared/forward-logs-shared.js:27
[   14406ms] [LOG] [HMR] connected @ webpack-internal:///(app-pages-browser)/./node_modules/.pnpm/next@16.2.1_@babel+core@7.2_362c6897e98f78157a7f59905ed20b55/node_modules/next/dist/next-devtools/shared/forward-logs-shared.js:27
[   15167ms] [LOG] [Fast Refresh] rebuilding @ webpack-internal:///(app-pages-browser)/./node_modules/.pnpm/next@16.2.1_@babel+core@7.2_362c6897e98f78157a7f59905ed20b55/node_modules/next/dist/next-devtools/shared/forward-logs-shared.js:27
[   15358ms] [LOG] [Fast Refresh] done in 190ms @ webpack-internal:///(app-pages-browser)/./node_modules/.pnpm/next@16.2.1_@babel+core@7.2_362c6897e98f78157a7f59905ed20b55/node_modules/next/dist/next-devtools/shared/forward-logs-shared.js:27
[   15462ms] [LOG] [Fast Refresh] rebuilding @ webpack-internal:///(app-pages-browser)/./node_modules/.pnpm/next@16.2.1_@babel+core@7.2_362c6897e98f78157a7f59905ed20b55/node_modules/next/dist/next-devtools/shared/forward-logs-shared.js:27
[   15540ms] [LOG] [Fast Refresh] done in 77ms @ webpack-internal:///(app-pages-browser)/./node_modules/.pnpm/next@16.2.1_@babel+core@7.2_362c6897e98f78157a7f59905ed20b55/node_modules/next/dist/next-devtools/shared/forward-logs-shared.js:27
[   15780ms] [LOG] [Fast Refresh] rebuilding @ webpack-internal:///(app-pages-browser)/./node_modules/.pnpm/next@16.2.1_@babel+core@7.2_362c6897e98f78157a7f59905ed20b55/node_modules/next/dist/next-devtools/shared/forward-logs-shared.js:27
[   15864ms] [LOG] [Fast Refresh] done in 84ms @ webpack-internal:///(app-pages-browser)/./node_modules/.pnpm/next@16.2.1_@babel+core@7.2_362c6897e98f78157a7f59905ed20b55/node_modules/next/dist/next-devtools/shared/forward-logs-shared.js:27
[   16073ms] [LOG] [Fast Refresh] rebuilding @ webpack-internal:///(app-pages-browser)/./node_modules/.pnpm/next@16.2.1_@babel+core@7.2_362c6897e98f78157a7f59905ed20b55/node_modules/next/dist/next-devtools/shared/forward-logs-shared.js:27
[   16149ms] [LOG] [Fast Refresh] done in 77ms @ webpack-internal:///(app-pages-browser)/./node_modules/.pnpm/next@16.2.1_@babel+core@7.2_362c6897e98f78157a7f59905ed20b55/node_modules/next/dist/next-devtools/shared/forward-logs-shared.js:27
[   16357ms] [LOG] [Fast Refresh] rebuilding @ webpack-internal:///(app-pages-browser)/./node_modules/.pnpm/next@16.2.1_@babel+core@7.2_362c6897e98f78157a7f59905ed20b55/node_modules/next/dist/next-devtools/shared/forward-logs-shared.js:27
[   16435ms] [LOG] [Fast Refresh] done in 78ms @ webpack-internal:///(app-pages-browser)/./node_modules/.pnpm/next@16.2.1_@babel+core@7.2_362c6897e98f78157a7f59905ed20b55/node_modules/next/dist/next-devtools/shared/forward-logs-shared.js:27
[   16666ms] [LOG] [Fast Refresh] rebuilding @ webpack-internal:///(app-pages-browser)/./node_modules/.pnpm/next@16.2.1_@babel+core@7.2_362c6897e98f78157a7f59905ed20b55/node_modules/next/dist/next-devtools/shared/forward-logs-shared.js:27
[   16756ms] [LOG] [Fast Refresh] done in 90ms @ webpack-internal:///(app-pages-browser)/./node_modules/.pnpm/next@16.2.1_@babel+core@7.2_362c6897e98f78157a7f59905ed20b55/node_modules/next/dist/next-devtools/shared/forward-logs-shared.js:27
[   16954ms] [LOG] [Fast Refresh] rebuilding @ webpack-internal:///(app-pages-browser)/./node_modules/.pnpm/next@16.2.1_@babel+core@7.2_362c6897e98f78157a7f59905ed20b55/node_modules/next/dist/next-devtools/shared/forward-logs-shared.js:27
[   17066ms] [LOG] [Fast Refresh] done in 112ms @ webpack-internal:///(app-pages-browser)/./node_modules/.pnpm/next@16.2.1_@babel+core@7.2_362c6897e98f78157a7f59905ed20b55/node_modules/next/dist/next-devtools/shared/forward-logs-shared.js:27
[   17267ms] [LOG] [Fast Refresh] rebuilding @ webpack-internal:///(app-pages-browser)/./node_modules/.pnpm/next@16.2.1_@babel+core@7.2_362c6897e98f78157a7f59905ed20b55/node_modules/next/dist/next-devtools/shared/forward-logs-shared.js:27
[   17367ms] [LOG] [Fast Refresh] done in 100ms @ webpack-internal:///(app-pages-browser)/./node_modules/.pnpm/next@16.2.1_@babel+core@7.2_362c6897e98f78157a7f59905ed20b55/node_modules/next/dist/next-devtools/shared/forward-logs-shared.js:27
[   17598ms] [LOG] [Fast Refresh] rebuilding @ webpack-internal:///(app-pages-browser)/./node_modules/.pnpm/next@16.2.1_@babel+core@7.2_362c6897e98f78157a7f59905ed20b55/node_modules/next/dist/next-devtools/shared/forward-logs-shared.js:27
[   17684ms] [LOG] [Fast Refresh] done in 86ms @ webpack-internal:///(app-pages-browser)/./node_modules/.pnpm/next@16.2.1_@babel+core@7.2_362c6897e98f78157a7f59905ed20b55/node_modules/next/dist/next-devtools/shared/forward-logs-shared.js:27
[   17899ms] [LOG] [Fast Refresh] rebuilding @ webpack-internal:///(app-pages-browser)/./node_modules/.pnpm/next@16.2.1_@babel+core@7.2_362c6897e98f78157a7f59905ed20b55/node_modules/next/dist/next-devtools/shared/forward-logs-shared.js:27
[   17991ms] [LOG] [Fast Refresh] done in 91ms @ webpack-internal:///(app-pages-browser)/./node_modules/.pnpm/next@16.2.1_@babel+core@7.2_362c6897e98f78157a7f59905ed20b55/node_modules/next/dist/next-devtools/shared/forward-logs-shared.js:27
[   18186ms] [LOG] [Fast Refresh] rebuilding @ webpack-internal:///(app-pages-browser)/./node_modules/.pnpm/next@16.2.1_@babel+core@7.2_362c6897e98f78157a7f59905ed20b55/node_modules/next/dist/next-devtools/shared/forward-logs-shared.js:27
[   18273ms] [LOG] [Fast Refresh] done in 86ms @ webpack-internal:///(app-pages-browser)/./node_modules/.pnpm/next@16.2.1_@babel+core@7.2_362c6897e98f78157a7f59905ed20b55/node_modules/next/dist/next-devtools/shared/forward-logs-shared.js:27
[   18488ms] [LOG] [Fast Refresh] rebuilding @ webpack-internal:///(app-pages-browser)/./node_modules/.pnpm/next@16.2.1_@babel+core@7.2_362c6897e98f78157a7f59905ed20b55/node_modules/next/dist/next-devtools/shared/forward-logs-shared.js:27
[   20453ms] [INFO] %cDownload the React DevTools for a better development experience: https://react.dev/link/react-devtools font-weight:bold @ webpack-internal:///(app-pages-browser)/./node_modules/.pnpm/next@16.2.1_@babel+core@7.2_362c6897e98f78157a7f59905ed20b55/node_modules/next/dist/next-devtools/shared/forward-logs-shared.js:27
[   20535ms] [LOG] [HMR] connected @ webpack-internal:///(app-pages-browser)/./node_modules/.pnpm/next@16.2.1_@babel+core@7.2_362c6897e98f78157a7f59905ed20b55/node_modules/next/dist/next-devtools/shared/forward-logs-shared.js:27
[   21024ms] [LOG] [Fast Refresh] rebuilding @ webpack-internal:///(app-pages-browser)/./node_modules/.pnpm/next@16.2.1_@babel+core@7.2_362c6897e98f78157a7f59905ed20b55/node_modules/next/dist/next-devtools/shared/forward-logs-shared.js:27
[   21344ms] [LOG] [Fast Refresh] done in 320ms @ webpack-internal:///(app-pages-browser)/./node_modules/.pnpm/next@16.2.1_@babel+core@7.2_362c6897e98f78157a7f59905ed20b55/node_modules/next/dist/next-devtools/shared/forward-logs-shared.js:27
[   21357ms] [LOG] [Fast Refresh] rebuilding @ webpack-internal:///(app-pages-browser)/./node_modules/.pnpm/next@16.2.1_@babel+core@7.2_362c6897e98f78157a7f59905ed20b55/node_modules/next/dist/next-devtools/shared/forward-logs-shared.js:27
[   21439ms] [LOG] [Fast Refresh] done in 82ms @ webpack-internal:///(app-pages-browser)/./node_modules/.pnpm/next@16.2.1_@babel+core@7.2_362c6897e98f78157a7f59905ed20b55/node_modules/next/dist/next-devtools/shared/forward-logs-shared.js:27
[   21651ms] [LOG] [Fast Refresh] rebuilding @ webpack-internal:///(app-pages-browser)/./node_modules/.pnpm/next@16.2.1_@babel+core@7.2_362c6897e98f78157a7f59905ed20b55/node_modules/next/dist/next-devtools/shared/forward-logs-shared.js:27
[   21723ms] [LOG] [Fast Refresh] done in 73ms @ webpack-internal:///(app-pages-browser)/./node_modules/.pnpm/next@16.2.1_@babel+core@7.2_362c6897e98f78157a7f59905ed20b55/node_modules/next/dist/next-devtools/shared/forward-logs-shared.js:27
[   21952ms] [LOG] [Fast Refresh] rebuilding @ webpack-internal:///(app-pages-browser)/./node_modules/.pnpm/next@16.2.1_@babel+core@7.2_362c6897e98f78157a7f59905ed20b55/node_modules/next/dist/next-devtools/shared/forward-logs-shared.js:27
[   22042ms] [LOG] [Fast Refresh] done in 90ms @ webpack-internal:///(app-pages-browser)/./node_modules/.pnpm/next@16.2.1_@babel+core@7.2_362c6897e98f78157a7f59905ed20b55/node_modules/next/dist/next-devtools/shared/forward-logs-shared.js:27
[   22274ms] [LOG] [Fast Refresh] rebuilding @ webpack-internal:///(app-pages-browser)/./node_modules/.pnpm/next@16.2.1_@babel+core@7.2_362c6897e98f78157a7f59905ed20b55/node_modules/next/dist/next-devtools/shared/forward-logs-shared.js:27
[   22374ms] [LOG] [Fast Refresh] done in 100ms @ webpack-internal:///(app-pages-browser)/./node_modules/.pnpm/next@16.2.1_@babel+core@7.2_362c6897e98f78157a7f59905ed20b55/node_modules/next/dist/next-devtools/shared/forward-logs-shared.js:27
[   22579ms] [LOG] [Fast Refresh] rebuilding @ webpack-internal:///(app-pages-browser)/./node_modules/.pnpm/next@16.2.1_@babel+core@7.2_362c6897e98f78157a7f59905ed20b55/node_modules/next/dist/next-devtools/shared/forward-logs-shared.js:27
[   22654ms] [LOG] [Fast Refresh] done in 76ms @ webpack-internal:///(app-pages-browser)/./node_modules/.pnpm/next@16.2.1_@babel+core@7.2_362c6897e98f78157a7f59905ed20b55/node_modules/next/dist/next-devtools/shared/forward-logs-shared.js:27
[   22860ms] [LOG] [Fast Refresh] rebuilding @ webpack-internal:///(app-pages-browser)/./node_modules/.pnpm/next@16.2.1_@babel+core@7.2_362c6897e98f78157a7f59905ed20b55/node_modules/next/dist/next-devtools/shared/forward-logs-shared.js:27
[   22955ms] [LOG] [Fast Refresh] done in 96ms @ webpack-internal:///(app-pages-browser)/./node_modules/.pnpm/next@16.2.1_@babel+core@7.2_362c6897e98f78157a7f59905ed20b55/node_modules/next/dist/next-devtools/shared/forward-logs-shared.js:27
[   23158ms] [LOG] [Fast Refresh] rebuilding @ webpack-internal:///(app-pages-browser)/./node_modules/.pnpm/next@16.2.1_@babel+core@7.2_362c6897e98f78157a7f59905ed20b55/node_modules/next/dist/next-devtools/shared/forward-logs-shared.js:27
[   23239ms] [LOG] [Fast Refresh] done in 81ms @ webpack-internal:///(app-pages-browser)/./node_modules/.pnpm/next@16.2.1_@babel+core@7.2_362c6897e98f78157a7f59905ed20b55/node_modules/next/dist/next-devtools/shared/forward-logs-shared.js:27
[   23470ms] [LOG] [Fast Refresh] rebuilding @ webpack-internal:///(app-pages-browser)/./node_modules/.pnpm/next@16.2.1_@babel+core@7.2_362c6897e98f78157a7f59905ed20b55/node_modules/next/dist/next-devtools/shared/forward-logs-shared.js:27
[   23654ms] [LOG] [Fast Refresh] done in 183ms @ webpack-internal:///(app-pages-browser)/./node_modules/.pnpm/next@16.2.1_@babel+core@7.2_362c6897e98f78157a7f59905ed20b55/node_modules/next/dist/next-devtools/shared/forward-logs-shared.js:27
[   23789ms] [LOG] [Fast Refresh] rebuilding @ webpack-internal:///(app-pages-browser)/./node_modules/.pnpm/next@16.2.1_@babel+core@7.2_362c6897e98f78157a7f59905ed20b55/node_modules/next/dist/next-devtools/shared/forward-logs-shared.js:27
[   23889ms] [LOG] [Fast Refresh] done in 100ms @ webpack-internal:///(app-pages-browser)/./node_modules/.pnpm/next@16.2.1_@babel+core@7.2_362c6897e98f78157a7f59905ed20b55/node_modules/next/dist/next-devtools/shared/forward-logs-shared.js:27
[   24085ms] [LOG] [Fast Refresh] rebuilding @ webpack-internal:///(app-pages-browser)/./node_modules/.pnpm/next@16.2.1_@babel+core@7.2_362c6897e98f78157a7f59905ed20b55/node_modules/next/dist/next-devtools/shared/forward-logs-shared.js:27
[   24162ms] [LOG] [Fast Refresh] done in 76ms @ webpack-internal:///(app-pages-browser)/./node_modules/.pnpm/next@16.2.1_@babel+core@7.2_362c6897e98f78157a7f59905ed20b55/node_modules/next/dist/next-devtools/shared/forward-logs-shared.js:27
[   24392ms] [LOG] [Fast Refresh] rebuilding @ webpack-internal:///(app-pages-browser)/./node_modules/.pnpm/next@16.2.1_@babel+core@7.2_362c6897e98f78157a7f59905ed20b55/node_modules/next/dist/next-devtools/shared/forward-logs-shared.js:27
[   24471ms] [LOG] [Fast Refresh] done in 79ms @ webpack-internal:///(app-pages-browser)/./node_modules/.pnpm/next@16.2.1_@babel+core@7.2_362c6897e98f78157a7f59905ed20b55/node_modules/next/dist/next-devtools/shared/forward-logs-shared.js:27
[   24658ms] [LOG] [Fast Refresh] rebuilding @ webpack-internal:///(app-pages-browser)/./node_modules/.pnpm/next@16.2.1_@babel+core@7.2_362c6897e98f78157a7f59905ed20b55/node_modules/next/dist/next-devtools/shared/forward-logs-shared.js:27
[   24732ms] [LOG] [Fast Refresh] done in 75ms @ webpack-internal:///(app-pages-browser)/./node_modules/.pnpm/next@16.2.1_@babel+core@7.2_362c6897e98f78157a7f59905ed20b55/node_modules/next/dist/next-devtools/shared/forward-logs-shared.js:27
[   24958ms] [LOG] [Fast Refresh] rebuilding @ webpack-internal:///(app-pages-browser)/./node_modules/.pnpm/next@16.2.1_@babel+core@7.2_362c6897e98f78157a7f59905ed20b55/node_modules/next/dist/next-devtools/shared/forward-logs-shared.js:27
[   25043ms] [LOG] [Fast Refresh] done in 84ms @ webpack-internal:///(app-pages-browser)/./node_modules/.pnpm/next@16.2.1_@babel+core@7.2_362c6897e98f78157a7f59905ed20b55/node_modules/next/dist/next-devtools/shared/forward-logs-shared.js:27
[   27316ms] [INFO] %cDownload the React DevTools for a better development experience: https://react.dev/link/react-devtools font-weight:bold @ webpack-internal:///(app-pages-browser)/./node_modules/.pnpm/next@16.2.1_@babel+core@7.2_362c6897e98f78157a7f59905ed20b55/node_modules/next/dist/next-devtools/shared/forward-logs-shared.js:27
[   27431ms] [LOG] [HMR] connected @ webpack-internal:///(app-pages-browser)/./node_modules/.pnpm/next@16.2.1_@babel+core@7.2_362c6897e98f78157a7f59905ed20b55/node_modules/next/dist/next-devtools/shared/forward-logs-shared.js:27
[   27977ms] [LOG] [Fast Refresh] rebuilding @ webpack-internal:///(app-pages-browser)/./node_modules/.pnpm/next@16.2.1_@babel+core@7.2_362c6897e98f78157a7f59905ed20b55/node_modules/next/dist/next-devtools/shared/forward-logs-shared.js:27
[   28256ms] [LOG] [Fast Refresh] done in 279ms @ webpack-internal:///(app-pages-browser)/./node_modules/.pnpm/next@16.2.1_@babel+core@7.2_362c6897e98f78157a7f59905ed20b55/node_modules/next/dist/next-devtools/shared/forward-logs-shared.js:27
[   28261ms] [LOG] [Fast Refresh] rebuilding @ webpack-internal:///(app-pages-browser)/./node_modules/.pnpm/next@16.2.1_@babel+core@7.2_362c6897e98f78157a7f59905ed20b55/node_modules/next/dist/next-devtools/shared/forward-logs-shared.js:27
[   28452ms] [LOG] [Fast Refresh] done in 191ms @ webpack-internal:///(app-pages-browser)/./node_modules/.pnpm/next@16.2.1_@babel+core@7.2_362c6897e98f78157a7f59905ed20b55/node_modules/next/dist/next-devtools/shared/forward-logs-shared.js:27
[   28554ms] [LOG] [Fast Refresh] rebuilding @ webpack-internal:///(app-pages-browser)/./node_modules/.pnpm/next@16.2.1_@babel+core@7.2_362c6897e98f78157a7f59905ed20b55/node_modules/next/dist/next-devtools/shared/forward-logs-shared.js:27
[   28636ms] [LOG] [Fast Refresh] done in 82ms @ webpack-internal:///(app-pages-browser)/./node_modules/.pnpm/next@16.2.1_@babel+core@7.2_362c6897e98f78157a7f59905ed20b55/node_modules/next/dist/next-devtools/shared/forward-logs-shared.js:27
[   28833ms] [LOG] [Fast Refresh] rebuilding @ webpack-internal:///(app-pages-browser)/./node_modules/.pnpm/next@16.2.1_@babel+core@7.2_362c6897e98f78157a7f59905ed20b55/node_modules/next/dist/next-devtools/shared/forward-logs-shared.js:27
[   28942ms] [LOG] [Fast Refresh] done in 110ms @ webpack-internal:///(app-pages-browser)/./node_modules/.pnpm/next@16.2.1_@babel+core@7.2_362c6897e98f78157a7f59905ed20b55/node_modules/next/dist/next-devtools/shared/forward-logs-shared.js:27
[   29116ms] [LOG] [Fast Refresh] rebuilding @ webpack-internal:///(app-pages-browser)/./node_modules/.pnpm/next@16.2.1_@babel+core@7.2_362c6897e98f78157a7f59905ed20b55/node_modules/next/dist/next-devtools/shared/forward-logs-shared.js:27
[   29200ms] [LOG] [Fast Refresh] done in 84ms @ webpack-internal:///(app-pages-browser)/./node_modules/.pnpm/next@16.2.1_@babel+core@7.2_362c6897e98f78157a7f59905ed20b55/node_modules/next/dist/next-devtools/shared/forward-logs-shared.js:27
[   29402ms] [LOG] [Fast Refresh] rebuilding @ webpack-internal:///(app-pages-browser)/./node_modules/.pnpm/next@16.2.1_@babel+core@7.2_362c6897e98f78157a7f59905ed20b55/node_modules/next/dist/next-devtools/shared/forward-logs-shared.js:27
[   29500ms] [LOG] [Fast Refresh] done in 99ms @ webpack-internal:///(app-pages-browser)/./node_modules/.pnpm/next@16.2.1_@babel+core@7.2_362c6897e98f78157a7f59905ed20b55/node_modules/next/dist/next-devtools/shared/forward-logs-shared.js:27
[   29707ms] [LOG] [Fast Refresh] rebuilding @ webpack-internal:///(app-pages-browser)/./node_modules/.pnpm/next@16.2.1_@babel+core@7.2_362c6897e98f78157a7f59905ed20b55/node_modules/next/dist/next-devtools/shared/forward-logs-shared.js:27
[   29824ms] [LOG] [Fast Refresh] done in 116ms @ webpack-internal:///(app-pages-browser)/./node_modules/.pnpm/next@16.2.1_@babel+core@7.2_362c6897e98f78157a7f59905ed20b55/node_modules/next/dist/next-devtools/shared/forward-logs-shared.js:27
[   30000ms] [LOG] [Fast Refresh] rebuilding @ webpack-internal:///(app-pages-browser)/./node_modules/.pnpm/next@16.2.1_@babel+core@7.2_362c6897e98f78157a7f59905ed20b55/node_modules/next/dist/next-devtools/shared/forward-logs-shared.js:27
[   30088ms] [LOG] [Fast Refresh] done in 87ms @ webpack-internal:///(app-pages-browser)/./node_modules/.pnpm/next@16.2.1_@babel+core@7.2_362c6897e98f78157a7f59905ed20b55/node_modules/next/dist/next-devtools/shared/forward-logs-shared.js:27
[   30265ms] [LOG] [Fast Refresh] rebuilding @ webpack-internal:///(app-pages-browser)/./node_modules/.pnpm/next@16.2.1_@babel+core@7.2_362c6897e98f78157a7f59905ed20b55/node_modules/next/dist/next-devtools/shared/forward-logs-shared.js:27
[   30345ms] [LOG] [Fast Refresh] done in 79ms @ webpack-internal:///(app-pages-browser)/./node_modules/.pnpm/next@16.2.1_@babel+core@7.2_362c6897e98f78157a7f59905ed20b55/node_modules/next/dist/next-devtools/shared/forward-logs-shared.js:27
[   30539ms] [LOG] [Fast Refresh] rebuilding @ webpack-internal:///(app-pages-browser)/./node_modules/.pnpm/next@16.2.1_@babel+core@7.2_362c6897e98f78157a7f59905ed20b55/node_modules/next/dist/next-devtools/shared/forward-logs-shared.js:27
[   30622ms] [LOG] [Fast Refresh] done in 82ms @ webpack-internal:///(app-pages-browser)/./node_modules/.pnpm/next@16.2.1_@babel+core@7.2_362c6897e98f78157a7f59905ed20b55/node_modules/next/dist/next-devtools/shared/forward-logs-shared.js:27
[   30802ms] [LOG] [Fast Refresh] rebuilding @ webpack-internal:///(app-pages-browser)/./node_modules/.pnpm/next@16.2.1_@babel+core@7.2_362c6897e98f78157a7f59905ed20b55/node_modules/next/dist/next-devtools/shared/forward-logs-shared.js:27
[   30898ms] [LOG] [Fast Refresh] done in 96ms @ webpack-internal:///(app-pages-browser)/./node_modules/.pnpm/next@16.2.1_@babel+core@7.2_362c6897e98f78157a7f59905ed20b55/node_modules/next/dist/next-devtools/shared/forward-logs-shared.js:27
[   31103ms] [LOG] [Fast Refresh] rebuilding @ webpack-internal:///(app-pages-browser)/./node_modules/.pnpm/next@16.2.1_@babel+core@7.2_362c6897e98f78157a7f59905ed20b55/node_modules/next/dist/next-devtools/shared/forward-logs-shared.js:27
[   31223ms] [LOG] [Fast Refresh] done in 119ms @ webpack-internal:///(app-pages-browser)/./node_modules/.pnpm/next@16.2.1_@babel+core@7.2_362c6897e98f78157a7f59905ed20b55/node_modules/next/dist/next-devtools/shared/forward-logs-shared.js:27
[   31360ms] [LOG] [Fast Refresh] rebuilding @ webpack-internal:///(app-pages-browser)/./node_modules/.pnpm/next@16.2.1_@babel+core@7.2_362c6897e98f78157a7f59905ed20b55/node_modules/next/dist/next-devtools/shared/forward-logs-shared.js:27
[   31443ms] [LOG] [Fast Refresh] done in 82ms @ webpack-internal:///(app-pages-browser)/./node_modules/.pnpm/next@16.2.1_@babel+core@7.2_362c6897e98f78157a7f59905ed20b55/node_modules/next/dist/next-devtools/shared/forward-logs-shared.js:27
[   33504ms] [INFO] %cDownload the React DevTools for a better development experience: https://react.dev/link/react-devtools font-weight:bold @ webpack-internal:///(app-pages-browser)/./node_modules/.pnpm/next@16.2.1_@babel+core@7.2_362c6897e98f78157a7f59905ed20b55/node_modules/next/dist/next-devtools/shared/forward-logs-shared.js:27
[   33616ms] [LOG] [HMR] connected @ webpack-internal:///(app-pages-browser)/./node_modules/.pnpm/next@16.2.1_@babel+core@7.2_362c6897e98f78157a7f59905ed20b55/node_modules/next/dist/next-devtools/shared/forward-logs-shared.js:27
[   34580ms] [LOG] [Fast Refresh] rebuilding @ webpack-internal:///(app-pages-browser)/./node_modules/.pnpm/next@16.2.1_@babel+core@7.2_362c6897e98f78157a7f59905ed20b55/node_modules/next/dist/next-devtools/shared/forward-logs-shared.js:27
[   34787ms] [LOG] [Fast Refresh] done in 206ms @ webpack-internal:///(app-pages-browser)/./node_modules/.pnpm/next@16.2.1_@babel+core@7.2_362c6897e98f78157a7f59905ed20b55/node_modules/next/dist/next-devtools/shared/forward-logs-shared.js:27
[   34889ms] [LOG] [Fast Refresh] rebuilding @ webpack-internal:///(app-pages-browser)/./node_modules/.pnpm/next@16.2.1_@babel+core@7.2_362c6897e98f78157a7f59905ed20b55/node_modules/next/dist/next-devtools/shared/forward-logs-shared.js:27
[   34965ms] [LOG] [Fast Refresh] done in 76ms @ webpack-internal:///(app-pages-browser)/./node_modules/.pnpm/next@16.2.1_@babel+core@7.2_362c6897e98f78157a7f59905ed20b55/node_modules/next/dist/next-devtools/shared/forward-logs-shared.js:27
[   35185ms] [LOG] [Fast Refresh] rebuilding @ webpack-internal:///(app-pages-browser)/./node_modules/.pnpm/next@16.2.1_@babel+core@7.2_362c6897e98f78157a7f59905ed20b55/node_modules/next/dist/next-devtools/shared/forward-logs-shared.js:27
[   35274ms] [LOG] [Fast Refresh] done in 88ms @ webpack-internal:///(app-pages-browser)/./node_modules/.pnpm/next@16.2.1_@babel+core@7.2_362c6897e98f78157a7f59905ed20b55/node_modules/next/dist/next-devtools/shared/forward-logs-shared.js:27
[   35466ms] [LOG] [Fast Refresh] rebuilding @ webpack-internal:///(app-pages-browser)/./node_modules/.pnpm/next@16.2.1_@babel+core@7.2_362c6897e98f78157a7f59905ed20b55/node_modules/next/dist/next-devtools/shared/forward-logs-shared.js:27
[   35561ms] [LOG] [Fast Refresh] done in 94ms @ webpack-internal:///(app-pages-browser)/./node_modules/.pnpm/next@16.2.1_@babel+core@7.2_362c6897e98f78157a7f59905ed20b55/node_modules/next/dist/next-devtools/shared/forward-logs-shared.js:27
[   35789ms] [LOG] [Fast Refresh] rebuilding @ webpack-internal:///(app-pages-browser)/./node_modules/.pnpm/next@16.2.1_@babel+core@7.2_362c6897e98f78157a7f59905ed20b55/node_modules/next/dist/next-devtools/shared/forward-logs-shared.js:27
[   35864ms] [LOG] [Fast Refresh] done in 76ms @ webpack-internal:///(app-pages-browser)/./node_modules/.pnpm/next@16.2.1_@babel+core@7.2_362c6897e98f78157a7f59905ed20b55/node_modules/next/dist/next-devtools/shared/forward-logs-shared.js:27
[   36034ms] [LOG] [Fast Refresh] rebuilding @ webpack-internal:///(app-pages-browser)/./node_modules/.pnpm/next@16.2.1_@babel+core@7.2_362c6897e98f78157a7f59905ed20b55/node_modules/next/dist/next-devtools/shared/forward-logs-shared.js:27
[   36112ms] [LOG] [Fast Refresh] done in 79ms @ webpack-internal:///(app-pages-browser)/./node_modules/.pnpm/next@16.2.1_@babel+core@7.2_362c6897e98f78157a7f59905ed20b55/node_modules/next/dist/next-devtools/shared/forward-logs-shared.js:27
[   36305ms] [LOG] [Fast Refresh] rebuilding @ webpack-internal:///(app-pages-browser)/./node_modules/.pnpm/next@16.2.1_@babel+core@7.2_362c6897e98f78157a7f59905ed20b55/node_modules/next/dist/next-devtools/shared/forward-logs-shared.js:27
[   36391ms] [LOG] [Fast Refresh] done in 86ms @ webpack-internal:///(app-pages-browser)/./node_modules/.pnpm/next@16.2.1_@babel+core@7.2_362c6897e98f78157a7f59905ed20b55/node_modules/next/dist/next-devtools/shared/forward-logs-shared.js:27
[   36596ms] [LOG] [Fast Refresh] rebuilding @ webpack-internal:///(app-pages-browser)/./node_modules/.pnpm/next@16.2.1_@babel+core@7.2_362c6897e98f78157a7f59905ed20b55/node_modules/next/dist/next-devtools/shared/forward-logs-shared.js:27
[   36680ms] [LOG] [Fast Refresh] done in 84ms @ webpack-internal:///(app-pages-browser)/./node_modules/.pnpm/next@16.2.1_@babel+core@7.2_362c6897e98f78157a7f59905ed20b55/node_modules/next/dist/next-devtools/shared/forward-logs-shared.js:27
[   36870ms] [LOG] [Fast Refresh] rebuilding @ webpack-internal:///(app-pages-browser)/./node_modules/.pnpm/next@16.2.1_@babel+core@7.2_362c6897e98f78157a7f59905ed20b55/node_modules/next/dist/next-devtools/shared/forward-logs-shared.js:27
[   36966ms] [LOG] [Fast Refresh] done in 95ms @ webpack-internal:///(app-pages-browser)/./node_modules/.pnpm/next@16.2.1_@babel+core@7.2_362c6897e98f78157a7f59905ed20b55/node_modules/next/dist/next-devtools/shared/forward-logs-shared.js:27
[   37148ms] [LOG] [Fast Refresh] rebuilding @ webpack-internal:///(app-pages-browser)/./node_modules/.pnpm/next@16.2.1_@babel+core@7.2_362c6897e98f78157a7f59905ed20b55/node_modules/next/dist/next-devtools/shared/forward-logs-shared.js:27
[   37240ms] [LOG] [Fast Refresh] done in 92ms @ webpack-internal:///(app-pages-browser)/./node_modules/.pnpm/next@16.2.1_@babel+core@7.2_362c6897e98f78157a7f59905ed20b55/node_modules/next/dist/next-devtools/shared/forward-logs-shared.js:27
[   37449ms] [LOG] [Fast Refresh] rebuilding @ webpack-internal:///(app-pages-browser)/./node_modules/.pnpm/next@16.2.1_@babel+core@7.2_362c6897e98f78157a7f59905ed20b55/node_modules/next/dist/next-devtools/shared/forward-logs-shared.js:27
[   37541ms] [LOG] [Fast Refresh] done in 92ms @ webpack-internal:///(app-pages-browser)/./node_modules/.pnpm/next@16.2.1_@babel+core@7.2_362c6897e98f78157a7f59905ed20b55/node_modules/next/dist/next-devtools/shared/forward-logs-shared.js:27
[   37753ms] [LOG] [Fast Refresh] rebuilding @ webpack-internal:///(app-pages-browser)/./node_modules/.pnpm/next@16.2.1_@babel+core@7.2_362c6897e98f78157a7f59905ed20b55/node_modules/next/dist/next-devtools/shared/forward-logs-shared.js:27
[   37837ms] [LOG] [Fast Refresh] done in 84ms @ webpack-internal:///(app-pages-browser)/./node_modules/.pnpm/next@16.2.1_@babel+core@7.2_362c6897e98f78157a7f59905ed20b55/node_modules/next/dist/next-devtools/shared/forward-logs-shared.js:27
[   38056ms] [LOG] [Fast Refresh] rebuilding @ webpack-internal:///(app-pages-browser)/./node_modules/.pnpm/next@16.2.1_@babel+core@7.2_362c6897e98f78157a7f59905ed20b55/node_modules/next/dist/next-devtools/shared/forward-logs-shared.js:27
[   40105ms] [INFO] %cDownload the React DevTools for a better development experience: https://react.dev/link/react-devtools font-weight:bold @ webpack-internal:///(app-pages-browser)/./node_modules/.pnpm/next@16.2.1_@babel+core@7.2_362c6897e98f78157a7f59905ed20b55/node_modules/next/dist/next-devtools/shared/forward-logs-shared.js:27
[   40270ms] [LOG] [HMR] connected @ webpack-internal:///(app-pages-browser)/./node_modules/.pnpm/next@16.2.1_@babel+core@7.2_362c6897e98f78157a7f59905ed20b55/node_modules/next/dist/next-devtools/shared/forward-logs-shared.js:27
[   41585ms] [LOG] [Fast Refresh] rebuilding @ webpack-internal:///(app-pages-browser)/./node_modules/.pnpm/next@16.2.1_@babel+core@7.2_362c6897e98f78157a7f59905ed20b55/node_modules/next/dist/next-devtools/shared/forward-logs-shared.js:27
[   42011ms] [LOG] [Fast Refresh] done in 427ms @ webpack-internal:///(app-pages-browser)/./node_modules/.pnpm/next@16.2.1_@babel+core@7.2_362c6897e98f78157a7f59905ed20b55/node_modules/next/dist/next-devtools/shared/forward-logs-shared.js:27
[   42063ms] [LOG] [Fast Refresh] rebuilding @ webpack-internal:///(app-pages-browser)/./node_modules/.pnpm/next@16.2.1_@babel+core@7.2_362c6897e98f78157a7f59905ed20b55/node_modules/next/dist/next-devtools/shared/forward-logs-shared.js:27
[   42224ms] [LOG] [Fast Refresh] done in 162ms @ webpack-internal:///(app-pages-browser)/./node_modules/.pnpm/next@16.2.1_@babel+core@7.2_362c6897e98f78157a7f59905ed20b55/node_modules/next/dist/next-devtools/shared/forward-logs-shared.js:27
[   42497ms] [LOG] [Fast Refresh] rebuilding @ webpack-internal:///(app-pages-browser)/./node_modules/.pnpm/next@16.2.1_@babel+core@7.2_362c6897e98f78157a7f59905ed20b55/node_modules/next/dist/next-devtools/shared/forward-logs-shared.js:27
[   42612ms] [LOG] [Fast Refresh] done in 116ms @ webpack-internal:///(app-pages-browser)/./node_modules/.pnpm/next@16.2.1_@babel+core@7.2_362c6897e98f78157a7f59905ed20b55/node_modules/next/dist/next-devtools/shared/forward-logs-shared.js:27
[   42852ms] [LOG] [Fast Refresh] rebuilding @ webpack-internal:///(app-pages-browser)/./node_modules/.pnpm/next@16.2.1_@babel+core@7.2_362c6897e98f78157a7f59905ed20b55/node_modules/next/dist/next-devtools/shared/forward-logs-shared.js:27
[   42948ms] [LOG] [Fast Refresh] done in 96ms @ webpack-internal:///(app-pages-browser)/./node_modules/.pnpm/next@16.2.1_@babel+core@7.2_362c6897e98f78157a7f59905ed20b55/node_modules/next/dist/next-devtools/shared/forward-logs-shared.js:27
[   43184ms] [LOG] [Fast Refresh] rebuilding @ webpack-internal:///(app-pages-browser)/./node_modules/.pnpm/next@16.2.1_@babel+core@7.2_362c6897e98f78157a7f59905ed20b55/node_modules/next/dist/next-devtools/shared/forward-logs-shared.js:27
[   43276ms] [LOG] [Fast Refresh] done in 92ms @ webpack-internal:///(app-pages-browser)/./node_modules/.pnpm/next@16.2.1_@babel+core@7.2_362c6897e98f78157a7f59905ed20b55/node_modules/next/dist/next-devtools/shared/forward-logs-shared.js:27
[   43480ms] [LOG] [Fast Refresh] rebuilding @ webpack-internal:///(app-pages-browser)/./node_modules/.pnpm/next@16.2.1_@babel+core@7.2_362c6897e98f78157a7f59905ed20b55/node_modules/next/dist/next-devtools/shared/forward-logs-shared.js:27
[   43581ms] [LOG] [Fast Refresh] done in 100ms @ webpack-internal:///(app-pages-browser)/./node_modules/.pnpm/next@16.2.1_@babel+core@7.2_362c6897e98f78157a7f59905ed20b55/node_modules/next/dist/next-devtools/shared/forward-logs-shared.js:27
[   43786ms] [LOG] [Fast Refresh] rebuilding @ webpack-internal:///(app-pages-browser)/./node_modules/.pnpm/next@16.2.1_@babel+core@7.2_362c6897e98f78157a7f59905ed20b55/node_modules/next/dist/next-devtools/shared/forward-logs-shared.js:27
[   43879ms] [LOG] [Fast Refresh] done in 94ms @ webpack-internal:///(app-pages-browser)/./node_modules/.pnpm/next@16.2.1_@babel+core@7.2_362c6897e98f78157a7f59905ed20b55/node_modules/next/dist/next-devtools/shared/forward-logs-shared.js:27
[   44082ms] [LOG] [Fast Refresh] rebuilding @ webpack-internal:///(app-pages-browser)/./node_modules/.pnpm/next@16.2.1_@babel+core@7.2_362c6897e98f78157a7f59905ed20b55/node_modules/next/dist/next-devtools/shared/forward-logs-shared.js:27
[   44182ms] [LOG] [Fast Refresh] done in 100ms @ webpack-internal:///(app-pages-browser)/./node_modules/.pnpm/next@16.2.1_@babel+core@7.2_362c6897e98f78157a7f59905ed20b55/node_modules/next/dist/next-devtools/shared/forward-logs-shared.js:27
[   44366ms] [LOG] [Fast Refresh] rebuilding @ webpack-internal:///(app-pages-browser)/./node_modules/.pnpm/next@16.2.1_@babel+core@7.2_362c6897e98f78157a7f59905ed20b55/node_modules/next/dist/next-devtools/shared/forward-logs-shared.js:27
[   44452ms] [LOG] [Fast Refresh] done in 86ms @ webpack-internal:///(app-pages-browser)/./node_modules/.pnpm/next@16.2.1_@babel+core@7.2_362c6897e98f78157a7f59905ed20b55/node_modules/next/dist/next-devtools/shared/forward-logs-shared.js:27
[   44646ms] [LOG] [Fast Refresh] rebuilding @ webpack-internal:///(app-pages-browser)/./node_modules/.pnpm/next@16.2.1_@babel+core@7.2_362c6897e98f78157a7f59905ed20b55/node_modules/next/dist/next-devtools/shared/forward-logs-shared.js:27
[   44735ms] [LOG] [Fast Refresh] done in 89ms @ webpack-internal:///(app-pages-browser)/./node_modules/.pnpm/next@16.2.1_@babel+core@7.2_362c6897e98f78157a7f59905ed20b55/node_modules/next/dist/next-devtools/shared/forward-logs-shared.js:27
[   44935ms] [LOG] [Fast Refresh] rebuilding @ webpack-internal:///(app-pages-browser)/./node_modules/.pnpm/next@16.2.1_@babel+core@7.2_362c6897e98f78157a7f59905ed20b55/node_modules/next/dist/next-devtools/shared/forward-logs-shared.js:27
[   45016ms] [LOG] [Fast Refresh] done in 81ms @ webpack-internal:///(app-pages-browser)/./node_modules/.pnpm/next@16.2.1_@babel+core@7.2_362c6897e98f78157a7f59905ed20b55/node_modules/next/dist/next-devtools/shared/forward-logs-shared.js:27
[   45215ms] [LOG] [Fast Refresh] rebuilding @ webpack-internal:///(app-pages-browser)/./node_modules/.pnpm/next@16.2.1_@babel+core@7.2_362c6897e98f78157a7f59905ed20b55/node_modules/next/dist/next-devtools/shared/forward-logs-shared.js:27
[   45296ms] [LOG] [Fast Refresh] done in 81ms @ webpack-internal:///(app-pages-browser)/./node_modules/.pnpm/next@16.2.1_@babel+core@7.2_362c6897e98f78157a7f59905ed20b55/node_modules/next/dist/next-devtools/shared/forward-logs-shared.js:27
[   45514ms] [LOG] [Fast Refresh] rebuilding @ webpack-internal:///(app-pages-browser)/./node_modules/.pnpm/next@16.2.1_@babel+core@7.2_362c6897e98f78157a7f59905ed20b55/node_modules/next/dist/next-devtools/shared/forward-logs-shared.js:27
[   45596ms] [LOG] [Fast Refresh] done in 83ms @ webpack-internal:///(app-pages-browser)/./node_modules/.pnpm/next@16.2.1_@babel+core@7.2_362c6897e98f78157a7f59905ed20b55/node_modules/next/dist/next-devtools/shared/forward-logs-shared.js:27
[   45816ms] [LOG] [Fast Refresh] rebuilding @ webpack-internal:///(app-pages-browser)/./node_modules/.pnpm/next@16.2.1_@babel+core@7.2_362c6897e98f78157a7f59905ed20b55/node_modules/next/dist/next-devtools/shared/forward-logs-shared.js:27
[   45916ms] [LOG] [Fast Refresh] done in 99ms @ webpack-internal:///(app-pages-browser)/./node_modules/.pnpm/next@16.2.1_@babel+core@7.2_362c6897e98f78157a7f59905ed20b55/node_modules/next/dist/next-devtools/shared/forward-logs-shared.js:27
[   48205ms] [INFO] %cDownload the React DevTools for a better development experience: https://react.dev/link/react-devtools font-weight:bold @ webpack-internal:///(app-pages-browser)/./node_modules/.pnpm/next@16.2.1_@babel+core@7.2_362c6897e98f78157a7f59905ed20b55/node_modules/next/dist/next-devtools/shared/forward-logs-shared.js:27
[   48372ms] [LOG] [HMR] connected @ webpack-internal:///(app-pages-browser)/./node_modules/.pnpm/next@16.2.1_@babel+core@7.2_362c6897e98f78157a7f59905ed20b55/node_modules/next/dist/next-devtools/shared/forward-logs-shared.js:27
[   49736ms] [LOG] [Fast Refresh] rebuilding @ webpack-internal:///(app-pages-browser)/./node_modules/.pnpm/next@16.2.1_@babel+core@7.2_362c6897e98f78157a7f59905ed20b55/node_modules/next/dist/next-devtools/shared/forward-logs-shared.js:27
[   50201ms] [LOG] [Fast Refresh] done in 465ms @ webpack-internal:///(app-pages-browser)/./node_modules/.pnpm/next@16.2.1_@babel+core@7.2_362c6897e98f78157a7f59905ed20b55/node_modules/next/dist/next-devtools/shared/forward-logs-shared.js:27
[   50206ms] [LOG] [Fast Refresh] rebuilding @ webpack-internal:///(app-pages-browser)/./node_modules/.pnpm/next@16.2.1_@babel+core@7.2_362c6897e98f78157a7f59905ed20b55/node_modules/next/dist/next-devtools/shared/forward-logs-shared.js:27
[   50487ms] [LOG] [Fast Refresh] done in 280ms @ webpack-internal:///(app-pages-browser)/./node_modules/.pnpm/next@16.2.1_@babel+core@7.2_362c6897e98f78157a7f59905ed20b55/node_modules/next/dist/next-devtools/shared/forward-logs-shared.js:27
[   50674ms] [LOG] [Fast Refresh] rebuilding @ webpack-internal:///(app-pages-browser)/./node_modules/.pnpm/next@16.2.1_@babel+core@7.2_362c6897e98f78157a7f59905ed20b55/node_modules/next/dist/next-devtools/shared/forward-logs-shared.js:27
[   50798ms] [LOG] [Fast Refresh] done in 124ms @ webpack-internal:///(app-pages-browser)/./node_modules/.pnpm/next@16.2.1_@babel+core@7.2_362c6897e98f78157a7f59905ed20b55/node_modules/next/dist/next-devtools/shared/forward-logs-shared.js:27
[   51067ms] [LOG] [Fast Refresh] rebuilding @ webpack-internal:///(app-pages-browser)/./node_modules/.pnpm/next@16.2.1_@babel+core@7.2_362c6897e98f78157a7f59905ed20b55/node_modules/next/dist/next-devtools/shared/forward-logs-shared.js:27
[   51165ms] [LOG] [Fast Refresh] done in 98ms @ webpack-internal:///(app-pages-browser)/./node_modules/.pnpm/next@16.2.1_@babel+core@7.2_362c6897e98f78157a7f59905ed20b55/node_modules/next/dist/next-devtools/shared/forward-logs-shared.js:27
