[    1273ms] [ERROR] Failed to load resource: the server responded with a status of 404 (Not Found) @ http://localhost:3000/api/proxy?url=https%3A%2F%2Faisd-tx.us001-rapididentity.com%2Fapi%2Frest%2Fauthn%2Fkrb:0
[   23250ms] [VERBOSE] [DOM] Input elements should have autocomplete attributes (suggested: "new-password"): (More info: https://goo.gl/9p2vKq) %o @ http://localhost:3000/api/proxy?url=https%3A%2F%2Fportal.allenisd.org%2Flogin#/authn:0
[   36146ms] [ERROR] Failed to load resource: the server responded with a status of 404 (Not Found) @ http://localhost:3000/favicon.ico:0
[   38566ms] [ERROR] Failed to load resource: the server responded with a status of 500 (Internal Server Error) @ http://localhost:3000/api/proxy?url=https%3A%2F%2Faisd-tx.us001-rapididentity.com%2Fsaml%2Facs:0
[   39221ms] [INFO] %cDownload the React DevTools for a better development experience: https://react.dev/link/react-devtools font-weight:bold @ webpack-internal:///(pages-dir-browser)/./node_modules/.pnpm/react-dom@19.2.4_react@19.2.4/node_modules/react-dom/cjs/react-dom-client.development.js:28004
[   39366ms] SyntaxError: Unexpected end of JSON input
    at JSON.parse (<anonymous>)
    at loadManifest (file://C:\Users\Nathan\Git\canvasMCP\node_modules\.pnpm\next@16.2.1_@babel+core@7.2_362c6897e98f78157a7f59905ed20b55\node_modules\next\dist\server\load-manifest.external.js:54:25)
    at loadManifestFromRelativePath (file://C:\Users\Nathan\Git\canvasMCP\node_modules\.pnpm\next@16.2.1_@babel+core@7.2_362c6897e98f78157a7f59905ed20b55\node_modules\next\dist\server\load-manifest.external.js:111:12)
    at AppRouteRouteModule.loadManifests (file://C:\Users\Nathan\Git\canvasMCP\node_modules\.pnpm\next@16.2.1_@babel+core@7.2_362c6897e98f78157a7f59905ed20b55\node_modules\next\dist\compiled\next-server\app-route.runtime.dev.js:1:193187)
    at AppRouteRouteModule.prepare (file://C:\Users\Nathan\Git\canvasMCP\node_modules\.pnpm\next@16.2.1_@babel+core@7.2_362c6897e98f78157a7f59905ed20b55\node_modules\next\dist\compiled\next-server\app-route.runtime.dev.js:1:202866)
    at process.processTicksAndRejections (node:internal/process/task_queues:103:5)
    at async Module.handler (webpack-internal:///(rsc)/./node_modules/.pnpm/next@16.2.1_@babel+core@7.2_362c6897e98f78157a7f59905ed20b55/node_modules/next/dist/build/webpack/loaders/next-app-loader/index.js?name=app%2Fapi%2Fproxy%2Froute&page=%2Fapi%2Fproxy%2Froute&appPaths=&allNormalizedAppPaths=&pagePath=private-next-app-dir%2Fapi%2Fproxy%2Froute.ts&appDir=C%3A%5CUsers%5CNathan%5CGit%5CcanvasMCP%5Csrc%5Capp&pageExtensions=tsx&pageExtensions=ts&pageExtensions=jsx&pageExtensions=js&rootDir=C%3A%5CUsers%5CNathan%5CGit%5CcanvasMCP&isDev=true&tsconfigPath=&basePath=&assetPrefix=&nextConfigOutput=&preferredRegion=&middlewareConfig=e30%3D&isGlobalNotFoundEnabled=!:103:27)
    at async DevServer.renderToResponseWithComponentsImpl (file://C:\Users\Nathan\Git\canvasMCP\node_modules\.pnpm\next@16.2.1_@babel+core@7.2_362c6897e98f78157a7f59905ed20b55\node_modules\next\dist\server\base-server.js:1454:9)
    at async DevServer.renderPageComponent (file://C:\Users\Nathan\Git\canvasMCP\node_modules\.pnpm\next@16.2.1_@babel+core@7.2_362c6897e98f78157a7f59905ed20b55\node_modules\next\dist\server\base-server.js:1506:24)
    at async DevServer.renderToResponseImpl (file://C:\Users\Nathan\Git\canvasMCP\node_modules\.pnpm\next@16.2.1_@babel+core@7.2_362c6897e98f78157a7f59905ed20b55\node_modules\next\dist\server\base-server.js:1556:32)
    at async DevServer.pipeImpl (file://C:\Users\Nathan\Git\canvasMCP\node_modules\.pnpm\next@16.2.1_@babel+core@7.2_362c6897e98f78157a7f59905ed20b55\node_modules\next\dist\server\base-server.js:1043:25)
    at async NextNodeServer.handleCatchallRenderRequest (file://C:\Users\Nathan\Git\canvasMCP\node_modules\.pnpm\next@16.2.1_@babel+core@7.2_362c6897e98f78157a7f59905ed20b55\node_modules\next\dist\server\next-server.js:338:17)
    at async DevServer.handleRequestImpl (file://C:\Users\Nathan\Git\canvasMCP\node_modules\.pnpm\next@16.2.1_@babel+core@7.2_362c6897e98f78157a7f59905ed20b55\node_modules\next\dist\server\base-server.js:934:17)
    at async (file://C:\Users\Nathan\Git\canvasMCP\node_modules\.pnpm\next@16.2.1_@babel+core@7.2_362c6897e98f78157a7f59905ed20b55\node_modules\next\dist\server\dev\next-dev-server.js:394:20)
    at async Span.traceAsyncFn (file://C:\Users\Nathan\Git\canvasMCP\node_modules\.pnpm\next@16.2.1_@babel+core@7.2_362c6897e98f78157a7f59905ed20b55\node_modules\next\dist\trace\trace.js:164:20)
    at async DevServer.handleRequest (file://C:\Users\Nathan\Git\canvasMCP\node_modules\.pnpm\next@16.2.1_@babel+core@7.2_362c6897e98f78157a7f59905ed20b55\node_modules\next\dist\server\dev\next-dev-server.js:390:24)
    at async invokeRender (file://C:\Users\Nathan\Git\canvasMCP\node_modules\.pnpm\next@16.2.1_@babel+core@7.2_362c6897e98f78157a7f59905ed20b55\node_modules\next\dist\server\lib\router-server.js:253:21)
    at async handleRequest (file://C:\Users\Nathan\Git\canvasMCP\node_modules\.pnpm\next@16.2.1_@babel+core@7.2_362c6897e98f78157a7f59905ed20b55\node_modules\next\dist\server\lib\router-server.js:452:24)
    at async requestHandlerImpl (file://C:\Users\Nathan\Git\canvasMCP\node_modules\.pnpm\next@16.2.1_@babel+core@7.2_362c6897e98f78157a7f59905ed20b55\node_modules\next\dist\server\lib\router-server.js:501:13)
    at async Server.requestListener (file://C:\Users\Nathan\Git\canvasMCP\node_modules\.pnpm\next@16.2.1_@babel+core@7.2_362c6897e98f78157a7f59905ed20b55\node_modules\next\dist\server\lib\start-server.js:225:13)
[   39374ms] [LOG] [HMR] connected @ webpack-internal:///(pages-dir-browser)/./node_modules/.pnpm/next@16.2.1_@babel+core@7.2_362c6897e98f78157a7f59905ed20b55/node_modules/next/dist/next-devtools/shared/forward-logs-shared.js:27
[   40311ms] [LOG] [Fast Refresh] rebuilding @ webpack-internal:///(pages-dir-browser)/./node_modules/.pnpm/next@16.2.1_@babel+core@7.2_362c6897e98f78157a7f59905ed20b55/node_modules/next/dist/next-devtools/shared/forward-logs-shared.js:27
[   40436ms] [WARNING] [Fast Refresh] performing full reload because your application had an unrecoverable error @ webpack-internal:///(pages-dir-browser)/./node_modules/.pnpm/next@16.2.1_@babel+core@7.2_362c6897e98f78157a7f59905ed20b55/node_modules/next/dist/next-devtools/shared/forward-logs-shared.js:27
[   41744ms] [ERROR] Failed to load resource: the server responded with a status of 500 (Internal Server Error) @ http://localhost:3000/api/proxy?url=https%3A%2F%2Fportal.allenisd.org%2Ffiles%2Fborder.png:0
